
============================================================
  Experiment: RHS  |  Site: Huazhaizi
============================================================
  Initial params (from estimate):
    α   = 0.2406,  σ = 0.8712,  z₀ₘ = 3.1433e-02
    k   = 0.9857,     C = 1.50e+06
  Spin-up (20 iterations) ...
  Spin-up done.  T0[:4] = [287.06433 287.70132 289.2577  289.8882 ]
  Optimizing (500 epochs) ...
    Epoch   0/500  loss=72.142311  α=0.2506  σ=0.8812  z₀ₘ=2.14e-02  k=1.0857  C=1.66e+06  T0=286.06
    Epoch  10/500  loss=63.718956  α=0.2527  σ=0.9602  z₀ₘ=2.65e-02  k=0.7666  C=1.25e+06  T0=285.14
    Epoch  20/500  loss=58.319542  α=0.2379  σ=0.9990  z₀ₘ=4.19e-02  k=1.0997  C=1.75e+06  T0=284.18
    Epoch  30/500  loss=57.470764  α=0.2385  σ=0.9990  z₀ₘ=4.78e-02  k=0.9621  C=1.59e+06  T0=283.24
    Epoch  40/500  loss=56.783806  α=0.2390  σ=0.9990  z₀ₘ=5.01e-02  k=0.9651  C=1.77e+06  T0=282.34
    Epoch  50/500  loss=56.251106  α=0.2397  σ=0.9990  z₀ₘ=5.10e-02  k=0.8933  C=1.92e+06  T0=281.49
    Epoch  60/500  loss=55.785625  α=0.2396  σ=0.9990  z₀ₘ=5.14e-02  k=0.8384  C=2.15e+06  T0=280.71
    Epoch  70/500  loss=55.377007  α=0.2399  σ=0.9990  z₀ₘ=5.15e-02  k=0.7418  C=2.38e+06  T0=280.01
    Epoch  80/500  loss=55.006386  α=0.2396  σ=0.9990  z₀ₘ=5.15e-02  k=0.6612  C=2.78e+06  T0=279.41
    Epoch  90/500  loss=54.640968  α=0.2395  σ=0.9990  z₀ₘ=5.15e-02  k=0.5448  C=3.35e+06  T0=278.92
    Epoch 100/500  loss=54.364559  α=0.2392  σ=0.9990  z₀ₘ=5.15e-02  k=0.4302  C=4.13e+06  T0=278.53
    Epoch 110/500  loss=54.319275  α=0.2389  σ=0.9990  z₀ₘ=5.15e-02  k=0.4211  C=4.16e+06  T0=278.25
    Epoch 120/500  loss=54.284336  α=0.2389  σ=0.9990  z₀ₘ=5.15e-02  k=0.4468  C=3.88e+06  T0=278.10
    Epoch 130/500  loss=54.282082  α=0.2389  σ=0.9990  z₀ₘ=5.15e-02  k=0.4292  C=3.99e+06  T0=278.07
    Epoch 140/500  loss=54.303169  α=0.2388  σ=0.9990  z₀ₘ=5.15e-02  k=0.4195  C=4.02e+06  T0=278.15
    Epoch 150/500  loss=54.325867  α=0.2389  σ=0.9990  z₀ₘ=5.15e-02  k=0.4225  C=3.94e+06  T0=278.34
    Epoch 160/500  loss=54.339775  α=0.2389  σ=0.9990  z₀ₘ=5.15e-02  k=0.4161  C=3.96e+06  T0=278.63
    Epoch 170/500  loss=54.351299  α=0.2389  σ=0.9990  z₀ₘ=5.15e-02  k=0.4140  C=3.95e+06  T0=278.99
    Epoch 180/500  loss=54.356312  α=0.2388  σ=0.9990  z₀ₘ=5.15e-02  k=0.4145  C=3.93e+06  T0=279.43
    Epoch 190/500  loss=54.344208  α=0.2388  σ=0.9990  z₀ₘ=5.15e-02  k=0.4137  C=3.93e+06  T0=279.94
    Epoch 200/500  loss=54.323814  α=0.2388  σ=0.9990  z₀ₘ=5.15e-02  k=0.4140  C=3.92e+06  T0=280.49
    Epoch 210/500  loss=54.291443  α=0.2388  σ=0.9990  z₀ₘ=5.15e-02  k=0.4149  C=3.92e+06  T0=281.09
    Epoch 220/500  loss=54.257668  α=0.2388  σ=0.9990  z₀ₘ=5.15e-02  k=0.4161  C=3.92e+06  T0=281.71
    Epoch 230/500  loss=54.213432  α=0.2388  σ=0.9990  z₀ₘ=5.15e-02  k=0.4180  C=3.91e+06  T0=282.35
    Epoch 240/500  loss=54.166046  α=0.2388  σ=0.9990  z₀ₘ=5.15e-02  k=0.4203  C=3.90e+06  T0=282.99
    Epoch 250/500  loss=54.120621  α=0.2388  σ=0.9990  z₀ₘ=5.15e-02  k=0.4228  C=3.89e+06  T0=283.62
    Epoch 260/500  loss=54.076611  α=0.2389  σ=0.9990  z₀ₘ=5.14e-02  k=0.4257  C=3.89e+06  T0=284.22
    Epoch 270/500  loss=54.041588  α=0.2389  σ=0.9990  z₀ₘ=5.14e-02  k=0.4297  C=3.87e+06  T0=284.77
    Epoch 280/500  loss=54.010235  α=0.2389  σ=0.9990  z₀ₘ=5.14e-02  k=0.4314  C=3.88e+06  T0=285.26
    Epoch 290/500  loss=53.988670  α=0.2390  σ=0.9990  z₀ₘ=5.14e-02  k=0.4340  C=3.87e+06  T0=285.68
    Epoch 300/500  loss=53.971386  α=0.2390  σ=0.9990  z₀ₘ=5.14e-02  k=0.4359  C=3.87e+06  T0=286.02
    Epoch 310/500  loss=53.955254  α=0.2390  σ=0.9990  z₀ₘ=5.14e-02  k=0.4379  C=3.88e+06  T0=286.26
    Epoch 320/500  loss=53.943199  α=0.2391  σ=0.9990  z₀ₘ=5.14e-02  k=0.4395  C=3.88e+06  T0=286.40
    Epoch 330/500  loss=53.928375  α=0.2391  σ=0.9990  z₀ₘ=5.14e-02  k=0.4407  C=3.89e+06  T0=286.45
    Epoch 340/500  loss=53.913704  α=0.2391  σ=0.9990  z₀ₘ=5.14e-02  k=0.4410  C=3.90e+06  T0=286.41
    Epoch 350/500  loss=53.896729  α=0.2391  σ=0.9990  z₀ₘ=5.14e-02  k=0.4423  C=3.91e+06  T0=286.30
    Epoch 360/500  loss=53.876976  α=0.2392  σ=0.9990  z₀ₘ=5.14e-02  k=0.4428  C=3.92e+06  T0=286.11
    Epoch 370/500  loss=53.858902  α=0.2392  σ=0.9990  z₀ₘ=5.14e-02  k=0.4432  C=3.93e+06  T0=285.87
    Epoch 380/500  loss=53.839706  α=0.2392  σ=0.9990  z₀ₘ=5.13e-02  k=0.4436  C=3.94e+06  T0=285.59
    Epoch 390/500  loss=53.819962  α=0.2392  σ=0.9990  z₀ₘ=5.13e-02  k=0.4435  C=3.95e+06  T0=285.28
    Epoch 400/500  loss=53.804268  α=0.2392  σ=0.9990  z₀ₘ=5.13e-02  k=0.4435  C=3.97e+06  T0=284.96
    Epoch 410/500  loss=53.792831  α=0.2392  σ=0.9990  z₀ₘ=5.13e-02  k=0.4431  C=3.98e+06  T0=284.64
    Epoch 420/500  loss=53.786156  α=0.2392  σ=0.9990  z₀ₘ=5.13e-02  k=0.4432  C=3.99e+06  T0=284.34
    Epoch 430/500  loss=53.782387  α=0.2393  σ=0.9990  z₀ₘ=5.13e-02  k=0.4426  C=4.00e+06  T0=284.06
    Epoch 440/500  loss=53.781128  α=0.2393  σ=0.9990  z₀ₘ=5.13e-02  k=0.4422  C=4.01e+06  T0=283.82
    Epoch 450/500  loss=53.782475  α=0.2393  σ=0.9990  z₀ₘ=5.13e-02  k=0.4418  C=4.01e+06  T0=283.62
    Epoch 460/500  loss=53.785175  α=0.2393  σ=0.9990  z₀ₘ=5.13e-02  k=0.4415  C=4.02e+06  T0=283.47
    Epoch 470/500  loss=53.788116  α=0.2393  σ=0.9990  z₀ₘ=5.13e-02  k=0.4411  C=4.03e+06  T0=283.37
    Epoch 480/500  loss=53.789261  α=0.2393  σ=0.9990  z₀ₘ=5.13e-02  k=0.4412  C=4.03e+06  T0=283.32

  [Early Stop] flat to 3dp (loss≈53.790) for 30 epochs at epoch 482
  [✓] Results saved →  /Users/hsc/Paper📑/Submission/paper-2026-lsm-diff-energy/Experiments/parameters_optimization_expriments/3.RHS/Huazhaizi/
      Final loss: 53.790825
      Final α=0.2393  σ=0.9990  z₀ₘ=5.12e-02  k=0.4416  C=4.03e+06
