
============================================================
  Experiment: ALL  |  Site: Shenshawo
============================================================
  Initial params (from estimate):
    α   = 0.2339,  σ = 0.8537,  z₀ₘ = 7.1765e-02
    k   = 0.4319,     C = 3.21e+06
  Spin-up (20 iterations) ...
  Spin-up done.  T0[:4] = [279.94907 281.59296 284.33185 283.5322 ]
  Optimizing (500 epochs) ...
    Epoch   0/500  loss=83.338669  α=0.2439  σ=0.8637  z₀ₘ=6.18e-02  k=0.5319  C=2.91e+06  T0=280.95
    Epoch  10/500  loss=62.779186  α=0.2216  σ=0.9555  z₀ₘ=9.18e-03  k=0.3952  C=3.67e+06  T0=281.73
    Epoch  20/500  loss=65.665421  α=0.2331  σ=0.9990  z₀ₘ=3.51e-02  k=0.4805  C=2.73e+06  T0=282.45
    Epoch  30/500  loss=65.320068  α=0.2347  σ=0.9990  z₀ₘ=4.51e-02  k=0.5534  C=3.31e+06  T0=282.71
    Epoch  40/500  loss=65.038437  α=0.2323  σ=0.9990  z₀ₘ=4.90e-02  k=0.5066  C=3.39e+06  T0=282.47
    Epoch  50/500  loss=64.888557  α=0.2317  σ=0.9990  z₀ₘ=5.06e-02  k=0.4823  C=3.15e+06  T0=281.99
    Epoch  60/500  loss=64.747498  α=0.2316  σ=0.9990  z₀ₘ=5.11e-02  k=0.5006  C=3.30e+06  T0=281.36
    Epoch  70/500  loss=64.733772  α=0.2319  σ=0.9990  z₀ₘ=5.14e-02  k=0.5058  C=3.28e+06  T0=280.66
    Epoch  80/500  loss=64.715858  α=0.2321  σ=0.9990  z₀ₘ=5.14e-02  k=0.5056  C=3.24e+06  T0=279.96
    Epoch  90/500  loss=64.658493  α=0.2320  σ=0.9990  z₀ₘ=5.15e-02  k=0.5086  C=3.29e+06  T0=279.33
    Epoch 100/500  loss=64.698547  α=0.2321  σ=0.9990  z₀ₘ=5.15e-02  k=0.5072  C=3.27e+06  T0=278.90
    Epoch 110/500  loss=64.745171  α=0.2322  σ=0.9990  z₀ₘ=5.15e-02  k=0.5064  C=3.27e+06  T0=278.74
    Epoch 120/500  loss=64.772453  α=0.2319  σ=0.9990  z₀ₘ=5.15e-02  k=0.5082  C=3.29e+06  T0=278.83
    Epoch 130/500  loss=64.773819  α=0.2322  σ=0.9990  z₀ₘ=5.14e-02  k=0.5048  C=3.23e+06  T0=279.10
    Epoch 140/500  loss=64.753036  α=0.2320  σ=0.9990  z₀ₘ=5.14e-02  k=0.5070  C=3.30e+06  T0=279.52
    Epoch 150/500  loss=64.818489  α=0.2317  σ=0.9990  z₀ₘ=5.14e-02  k=0.4978  C=3.12e+06  T0=280.03
    Epoch 160/500  loss=64.681923  α=0.2320  σ=0.9990  z₀ₘ=5.14e-02  k=0.5061  C=3.32e+06  T0=280.59
    Epoch 170/500  loss=64.703697  α=0.2323  σ=0.9990  z₀ₘ=5.14e-02  k=0.5031  C=3.24e+06  T0=281.17
    Epoch 180/500  loss=64.620132  α=0.2319  σ=0.9990  z₀ₘ=5.14e-02  k=0.5087  C=3.29e+06  T0=281.73
    Epoch 190/500  loss=64.677994  α=0.2321  σ=0.9990  z₀ₘ=5.14e-02  k=0.5063  C=3.25e+06  T0=282.25
    Epoch 200/500  loss=64.672844  α=0.2321  σ=0.9990  z₀ₘ=5.14e-02  k=0.5071  C=3.27e+06  T0=282.69
    Epoch 210/500  loss=64.674423  α=0.2320  σ=0.9990  z₀ₘ=5.14e-02  k=0.5059  C=3.25e+06  T0=283.04
    Epoch 220/500  loss=64.678185  α=0.2319  σ=0.9990  z₀ₘ=5.14e-02  k=0.5069  C=3.26e+06  T0=283.30
    Epoch 230/500  loss=64.682678  α=0.2320  σ=0.9990  z₀ₘ=5.14e-02  k=0.5069  C=3.25e+06  T0=283.46
    Epoch 240/500  loss=64.688156  α=0.2319  σ=0.9990  z₀ₘ=5.14e-02  k=0.5074  C=3.26e+06  T0=283.53
    Epoch 250/500  loss=64.692825  α=0.2319  σ=0.9990  z₀ₘ=5.13e-02  k=0.5075  C=3.26e+06  T0=283.53
    Epoch 260/500  loss=64.695618  α=0.2319  σ=0.9990  z₀ₘ=5.13e-02  k=0.5078  C=3.26e+06  T0=283.47
    Epoch 270/500  loss=64.696075  α=0.2319  σ=0.9990  z₀ₘ=5.13e-02  k=0.5079  C=3.26e+06  T0=283.37
    Epoch 280/500  loss=64.692146  α=0.2319  σ=0.9990  z₀ₘ=5.13e-02  k=0.5080  C=3.26e+06  T0=283.26
    Epoch 290/500  loss=64.686409  α=0.2319  σ=0.9990  z₀ₘ=5.13e-02  k=0.5079  C=3.26e+06  T0=283.15
    Epoch 300/500  loss=64.677734  α=0.2319  σ=0.9990  z₀ₘ=5.13e-02  k=0.5077  C=3.26e+06  T0=283.06
    Epoch 310/500  loss=64.669724  α=0.2319  σ=0.9990  z₀ₘ=5.13e-02  k=0.5076  C=3.26e+06  T0=282.99
    Epoch 320/500  loss=64.662407  α=0.2320  σ=0.9990  z₀ₘ=5.13e-02  k=0.5074  C=3.26e+06  T0=282.94
    Epoch 330/500  loss=64.658157  α=0.2320  σ=0.9990  z₀ₘ=5.13e-02  k=0.5073  C=3.26e+06  T0=282.91
    Epoch 340/500  loss=64.656349  α=0.2320  σ=0.9990  z₀ₘ=5.12e-02  k=0.5071  C=3.26e+06  T0=282.88

  [Early Stop] flat to 3dp (loss≈64.660) for 30 epochs at epoch 342
  [✓] Results saved →  /Users/hsc/Paper📑/Submission/paper-2026-lsm-diff-energy/Experiments/parameters_optimization_expriments/1.ALL/Shenshawo/
      Final loss: 64.657715
      Final α=0.2320  σ=0.9990  z₀ₘ=5.12e-02  k=0.5071  C=3.26e+06
