RMSE & Correlation Summary
====================================================================================================

Site: Huazhaizi
----------------------------------------------------------------------------------------------------
  Parameter Results
  Exp    |         α         σ         z₀ₘ         k             C             λ
  -------+-----------------------------------------------------------------
  EST    |    0.2406    0.8712    3.14e-02    0.9857      1.50e+06      6.56e-07
  RSL    |    0.2389    1.2185    5.09e-02    0.3062      1.22e+06      2.51e-07
  RHS    |    0.2391    1.1331    5.10e-02    0.3825      3.40e+06      1.13e-07
  RHT    |    0.2392    1.1267    5.12e-02    0.3903      3.63e+06      1.08e-07
  ALL    |    0.2416    1.1577    5.01e-02    0.3868      2.21e+06      1.75e-07

  RMSE & Correlation
  Exp    |                       RMSE                      |                       Corr                     
         |    Rsu    Rlu      H     G6   T2cm  T10cm |    Rsu    Rlu      H     G6   T2cm  T10cm
  -------+------------------------------------------------+-----------------------------------------------
  EST    |   3.24  34.57  34.33  33.70   4.28   2.43 |  0.999  0.973  0.978  0.930  0.835  0.817
  RSL    |   3.20  13.37  38.84   9.63   8.28   9.13 |  0.999  0.984  0.968  0.978  0.846  0.946
  RHS    |   3.20  22.75  24.19  14.21   4.30   3.99 |  0.999  0.984  0.980  0.862  0.942  0.775
  RHT    |   3.20  23.78  23.30  14.40   3.89   3.08 |  0.999  0.984  0.981  0.867  0.949  0.799
  ALL    |   3.33  19.83  28.98   8.00   4.93   2.88 |  0.999  0.989  0.978  0.976  0.900  0.969

Site: Ejin
----------------------------------------------------------------------------------------------------
  Parameter Results
  Exp    |         α         σ         z₀ₘ         k             C             λ
  -------+-----------------------------------------------------------------
  EST    |    0.2640    0.9032    2.25e-03    2.4728      2.18e+06      1.14e-06
  RSL    |    0.2551    0.9643    5.12e-02    0.4609      8.58e+05      5.37e-07
  RHS    |    0.2558    0.9967    5.88e-02    0.4924      2.41e+06      2.04e-07
  RHT    |    0.2570    0.9859    8.63e-02    0.9010      1.37e+06      6.60e-07
  ALL    |    0.2594    0.9924    7.11e-02    1.0536      1.15e+06      9.19e-07

  RMSE & Correlation
  Exp    |                       RMSE                      |                       Corr                     
         |    Rsu    Rlu      H     G6   T2cm  T10cm |    Rsu    Rlu      H     G6   T2cm  T10cm
  -------+------------------------------------------------+-----------------------------------------------
  EST    |  10.13  19.79  54.55  48.83   2.87   2.07 |  0.991  0.978  0.918  0.979  0.987  0.986
  RSL    |   9.76   5.53  39.25  27.49   4.83   5.00 |  0.991  0.995  0.970  0.957  0.970  0.934
  RHS    |   9.76   7.75  22.86  36.87   5.52   8.86 |  0.991  0.995  0.977  0.811  0.987  0.675
  RHT    |   9.76   9.41  22.49  15.18   4.70   5.42 |  0.991  0.996  0.977  0.975  0.980  0.976
  ALL    |   9.82  10.35  23.20  10.44   4.37   4.26 |  0.991  0.995  0.976  0.984  0.977  0.988

Site: Shenshawo
----------------------------------------------------------------------------------------------------
  Parameter Results
  Exp    |         α         σ         z₀ₘ         k             C             λ
  -------+-----------------------------------------------------------------
  EST    |    0.2339    0.8537    7.18e-02    0.4319      3.21e+06      1.34e-07
  RSL    |    0.2252    1.0661    9.13e-01    0.4074      1.05e+06      3.87e-07
  RHS    |    0.2273    1.1961    5.00e-02    0.3643      2.96e+06      1.23e-07
  RHT    |    0.2287    1.1342    5.08e-02    0.4072      4.20e+06      9.70e-08
  ALL    |    0.2310    1.1779    5.07e-02    0.4093      2.39e+06      1.71e-07

  RMSE & Correlation
  Exp    |                       RMSE                      |                       Corr                     
         |    Rsu    Rlu      H     G6   T2cm  T10cm |    Rsu    Rlu      H     G6   T2cm  T10cm
  -------+------------------------------------------------+-----------------------------------------------
  EST    |   6.19  27.56  34.41   9.45   4.99   5.71 |  0.996  0.988  0.958  0.963  0.976  0.825
  RSL    |   5.75   7.27  43.49  14.85   6.64   6.54 |  0.996  0.994  0.946  0.899  0.894  0.719
  RHS    |   5.75   8.50  28.62  13.86   7.84   9.33 |  0.996  0.992  0.940  0.932  0.974  0.887
  RHT    |   5.79  15.90  23.99  17.95   5.53   5.19 |  0.996  0.991  0.952  0.821  0.980  0.142
  ALL    |   5.92   9.30  29.52   5.94   6.93   6.59 |  0.996  0.993  0.947  0.983  0.958  0.860