
============================================================
  Experiment: RHT  |  Site: Shenshawo
============================================================
  Initial params (from estimate):
    α   = 0.2339,  σ = 0.8537,  z₀ₘ = 7.1765e-02
    k   = 0.4319,     C = 3.21e+06
  Spin-up (20 iterations) ...
  Spin-up done.  T0[:4] = [279.94907 281.59296 284.33185 283.5322 ]
  Optimizing (500 epochs) ...
    Epoch   0/500  loss=73.887039  α=0.2439  σ=0.8637  z₀ₘ=6.18e-02  k=0.5319  C=3.55e+06  T0=280.95
    Epoch  10/500  loss=54.572777  α=0.2245  σ=0.9526  z₀ₘ=1.32e-02  k=0.5813  C=3.94e+06  T0=281.84
    Epoch  20/500  loss=53.510857  α=0.2256  σ=1.0371  z₀ₘ=3.65e-02  k=0.5327  C=3.79e+06  T0=282.77
    Epoch  30/500  loss=51.783394  α=0.2242  σ=1.1038  z₀ₘ=4.55e-02  k=0.4994  C=4.09e+06  T0=283.72
    Epoch  40/500  loss=50.974716  α=0.2279  σ=1.1427  z₀ₘ=4.90e-02  k=0.3545  C=3.66e+06  T0=284.64
    Epoch  50/500  loss=50.696541  α=0.2289  σ=1.1694  z₀ₘ=5.04e-02  k=0.3577  C=3.39e+06  T0=285.35
    Epoch  60/500  loss=50.679749  α=0.2296  σ=1.1817  z₀ₘ=5.09e-02  k=0.3552  C=3.27e+06  T0=285.74
    Epoch  70/500  loss=50.697632  α=0.2303  σ=1.1831  z₀ₘ=5.11e-02  k=0.3315  C=3.30e+06  T0=285.84
    Epoch  80/500  loss=50.645695  α=0.2301  σ=1.1794  z₀ₘ=5.11e-02  k=0.3305  C=3.36e+06  T0=285.71
    Epoch  90/500  loss=50.602173  α=0.2299  σ=1.1754  z₀ₘ=5.11e-02  k=0.3402  C=3.41e+06  T0=285.42
    Epoch 100/500  loss=50.576279  α=0.2300  σ=1.1728  z₀ₘ=5.11e-02  k=0.3413  C=3.47e+06  T0=285.03
    Epoch 110/500  loss=50.553726  α=0.2299  σ=1.1705  z₀ₘ=5.11e-02  k=0.3400  C=3.54e+06  T0=284.59
    Epoch 120/500  loss=50.535637  α=0.2299  σ=1.1684  z₀ₘ=5.11e-02  k=0.3412  C=3.58e+06  T0=284.15
    Epoch 130/500  loss=50.525314  α=0.2299  σ=1.1670  z₀ₘ=5.10e-02  k=0.3432  C=3.61e+06  T0=283.75
    Epoch 140/500  loss=50.518562  α=0.2299  σ=1.1658  z₀ₘ=5.10e-02  k=0.3461  C=3.65e+06  T0=283.43
    Epoch 150/500  loss=50.516026  α=0.2298  σ=1.1642  z₀ₘ=5.10e-02  k=0.3481  C=3.68e+06  T0=283.21
    Epoch 160/500  loss=50.512695  α=0.2297  σ=1.1616  z₀ₘ=5.09e-02  k=0.3528  C=3.74e+06  T0=283.10
    Epoch 170/500  loss=50.506302  α=0.2294  σ=1.1579  z₀ₘ=5.09e-02  k=0.3639  C=3.82e+06  T0=283.10
    Epoch 180/500  loss=50.506119  α=0.2292  σ=1.1517  z₀ₘ=5.09e-02  k=0.3712  C=3.93e+06  T0=283.18
    Epoch 190/500  loss=50.503006  α=0.2291  σ=1.1455  z₀ₘ=5.09e-02  k=0.3819  C=3.99e+06  T0=283.34
    Epoch 200/500  loss=50.500893  α=0.2288  σ=1.1410  z₀ₘ=5.08e-02  k=0.3929  C=4.09e+06  T0=283.52
    Epoch 210/500  loss=50.499340  α=0.2289  σ=1.1370  z₀ₘ=5.08e-02  k=0.4012  C=4.13e+06  T0=283.70
    Epoch 220/500  loss=50.499626  α=0.2288  σ=1.1347  z₀ₘ=5.08e-02  k=0.4031  C=4.18e+06  T0=283.84

  [Early Stop] flat to 3dp (loss≈50.500) for 30 epochs at epoch 224
  [✓] Results saved →  /Users/hsc/Paper📑/Submission/paper-2026-lsm-diff-energy/Experiments/discussion/sigma up limit 1.5 Exp-ALL/4.RHT/Shenshawo/
      Final loss: 50.499439
      Final α=0.2287  σ=1.1342  z₀ₘ=5.08e-02  k=0.4072  C=4.20e+06
