
============================================================
  Experiment: ALL  |  Site: Ejin
============================================================
  Initial params (from estimate):
    α   = 0.2640,  σ = 0.9032,  z₀ₘ = 2.2517e-03
    k   = 2.4728,     C = 2.18e+06
  Spin-up (20 iterations) ...
  Spin-up done.  T0[:4] = [287.31274 287.88788 289.38284 290.2757 ]
  Optimizing (500 epochs) ...
    Epoch   0/500  loss=135.485641  α=0.2540  σ=0.8932  z₀ₘ=1.23e-02  k=2.3728  C=1.97e+06  T0=286.31
    Epoch  10/500  loss=73.297920  α=0.2703  σ=0.9683  z₀ₘ=4.76e-02  k=1.3783  C=9.19e+05  T0=285.38
    Epoch  20/500  loss=65.741501  α=0.2654  σ=1.0285  z₀ₘ=5.37e-02  k=0.8028  C=1.20e+06  T0=284.46
    Epoch  30/500  loss=61.525185  α=0.2556  σ=1.0081  z₀ₘ=5.02e-02  k=1.1161  C=1.33e+06  T0=283.56
    Epoch  40/500  loss=59.517410  α=0.2613  σ=0.9773  z₀ₘ=4.35e-02  k=1.0881  C=1.10e+06  T0=282.70
    Epoch  50/500  loss=58.142975  α=0.2613  σ=0.9999  z₀ₘ=2.99e-02  k=1.0442  C=1.13e+06  T0=281.89
    Epoch  60/500  loss=53.303696  α=0.2577  σ=0.9766  z₀ₘ=7.62e-04  k=0.9929  C=1.16e+06  T0=281.10
    Epoch  70/500  loss=59.354836  α=0.2659  σ=0.9603  z₀ₘ=4.26e-02  k=1.0354  C=1.11e+06  T0=280.39
    Epoch  80/500  loss=59.053574  α=0.2618  σ=1.0103  z₀ₘ=5.50e-02  k=1.1137  C=1.18e+06  T0=279.84
    Epoch  90/500  loss=58.788361  α=0.2627  σ=0.9996  z₀ₘ=5.82e-02  k=1.0028  C=1.14e+06  T0=279.41
    Epoch 100/500  loss=58.572609  α=0.2602  σ=0.9871  z₀ₘ=5.80e-02  k=1.0803  C=1.16e+06  T0=279.23
    Epoch 110/500  loss=58.468231  α=0.2604  σ=0.9924  z₀ₘ=5.66e-02  k=1.0266  C=1.14e+06  T0=279.24
    Epoch 120/500  loss=58.358868  α=0.2593  σ=0.9961  z₀ₘ=5.44e-02  k=1.0485  C=1.15e+06  T0=279.39
    Epoch 130/500  loss=58.221161  α=0.2597  σ=0.9913  z₀ₘ=5.17e-02  k=1.0327  C=1.14e+06  T0=279.65
    Epoch 140/500  loss=58.044041  α=0.2593  σ=0.9928  z₀ₘ=4.85e-02  k=1.0379  C=1.15e+06  T0=279.96
    Epoch 150/500  loss=57.839317  α=0.2593  σ=0.9930  z₀ₘ=4.47e-02  k=1.0307  C=1.14e+06  T0=280.28
    Epoch 160/500  loss=57.581688  α=0.2592  σ=0.9918  z₀ₘ=4.01e-02  k=1.0303  C=1.14e+06  T0=280.57
    Epoch 170/500  loss=57.218601  α=0.2592  σ=0.9912  z₀ₘ=3.42e-02  k=1.0250  C=1.14e+06  T0=280.81
    Epoch 180/500  loss=56.587170  α=0.2591  σ=0.9890  z₀ₘ=2.62e-02  k=1.0170  C=1.13e+06  T0=281.00
    Epoch 190/500  loss=54.834297  α=0.2588  σ=0.9817  z₀ₘ=1.36e-02  k=0.9939  C=1.11e+06  T0=281.12
    Epoch 200/500  loss=61.801422  α=0.2650  σ=0.9300  z₀ₘ=3.07e-02  k=0.8497  C=1.02e+06  T0=281.18
    Epoch 210/500  loss=59.951733  α=0.2565  σ=1.0021  z₀ₘ=6.45e-02  k=1.1669  C=1.20e+06  T0=281.22
    Epoch 220/500  loss=58.995979  α=0.2613  σ=1.0077  z₀ₘ=7.56e-02  k=0.9837  C=1.10e+06  T0=281.22
    Epoch 230/500  loss=58.513256  α=0.2601  σ=0.9828  z₀ₘ=7.88e-02  k=1.0732  C=1.15e+06  T0=281.22
    Epoch 240/500  loss=58.400482  α=0.2601  σ=0.9910  z₀ₘ=7.94e-02  k=1.0474  C=1.14e+06  T0=281.21
    Epoch 250/500  loss=58.397362  α=0.2600  σ=0.9960  z₀ₘ=7.91e-02  k=1.0418  C=1.13e+06  T0=281.18
    Epoch 260/500  loss=58.376053  α=0.2595  σ=0.9906  z₀ₘ=7.84e-02  k=1.0580  C=1.15e+06  T0=281.14
    Epoch 270/500  loss=58.345928  α=0.2597  σ=0.9914  z₀ₘ=7.75e-02  k=1.0457  C=1.14e+06  T0=281.07
    Epoch 280/500  loss=58.307953  α=0.2593  σ=0.9931  z₀ₘ=7.66e-02  k=1.0538  C=1.14e+06  T0=280.98
    Epoch 290/500  loss=58.256020  α=0.2594  σ=0.9918  z₀ₘ=7.56e-02  k=1.0511  C=1.14e+06  T0=280.85
    Epoch 300/500  loss=58.213333  α=0.2594  σ=0.9921  z₀ₘ=7.45e-02  k=1.0521  C=1.14e+06  T0=280.69
    Epoch 310/500  loss=58.173134  α=0.2594  σ=0.9925  z₀ₘ=7.34e-02  k=1.0532  C=1.14e+06  T0=280.49
    Epoch 320/500  loss=58.138824  α=0.2594  σ=0.9923  z₀ₘ=7.21e-02  k=1.0525  C=1.14e+06  T0=280.27
    Epoch 330/500  loss=58.111073  α=0.2594  σ=0.9924  z₀ₘ=7.11e-02  k=1.0536  C=1.15e+06  T0=280.27
    Epoch 340/500  loss=58.111073  α=0.2594  σ=0.9924  z₀ₘ=7.11e-02  k=1.0536  C=1.15e+06  T0=280.27
    Epoch 350/500  loss=58.111073  α=0.2594  σ=0.9924  z₀ₘ=7.11e-02  k=1.0536  C=1.15e+06  T0=280.27

  [Early Stop] flat to 3dp (loss≈58.110) for 30 epochs at epoch 358
  [✓] Results saved →  /Users/hsc/Paper📑/Submission/paper-2026-lsm-diff-energy/Experiments/discussion/sigma up limit 1.5 Exp-ALL/1.ALL/Ejin/
      Final loss: 58.111073
      Final α=0.2594  σ=0.9924  z₀ₘ=7.11e-02  k=1.0536  C=1.15e+06
