
============================================================
  Experiment: RHS  |  Site: Shenshawo
============================================================
  Initial params (from estimate):
    α   = 0.2339,  σ = 0.8537,  z₀ₘ = 7.1765e-02
    k   = 0.4319,     C = 3.21e+06
  Spin-up (20 iterations) ...
  Spin-up done.  T0[:4] = [279.94907 281.59296 284.33185 283.5322 ]
  Optimizing (500 epochs) ...
    Epoch   0/500  loss=68.161301  α=0.2439  σ=0.8637  z₀ₘ=6.18e-02  k=0.5319  C=3.55e+06  T0=278.95
    Epoch  10/500  loss=48.701382  α=0.2254  σ=0.9527  z₀ₘ=1.32e-02  k=0.5666  C=3.83e+06  T0=279.25
    Epoch  20/500  loss=49.256653  α=0.2268  σ=0.9990  z₀ₘ=3.65e-02  k=0.5336  C=3.66e+06  T0=279.90
    Epoch  30/500  loss=49.413010  α=0.2242  σ=0.9990  z₀ₘ=4.55e-02  k=0.6335  C=4.27e+06  T0=280.68
    Epoch  40/500  loss=49.163605  α=0.2279  σ=0.9990  z₀ₘ=4.90e-02  k=0.4841  C=4.21e+06  T0=281.54
    Epoch  50/500  loss=49.008247  α=0.2253  σ=0.9990  z₀ₘ=5.04e-02  k=0.5063  C=4.87e+06  T0=282.43
    Epoch  60/500  loss=48.934654  α=0.2261  σ=0.9990  z₀ₘ=5.09e-02  k=0.4842  C=4.68e+06  T0=283.35
    Epoch  70/500  loss=48.871113  α=0.2260  σ=0.9990  z₀ₘ=5.11e-02  k=0.5155  C=4.46e+06  T0=284.25
    Epoch  80/500  loss=48.833847  α=0.2260  σ=0.9990  z₀ₘ=5.12e-02  k=0.5185  C=4.56e+06  T0=285.10
    Epoch  90/500  loss=48.797760  α=0.2261  σ=0.9990  z₀ₘ=5.12e-02  k=0.5015  C=4.57e+06  T0=285.81
    Epoch 100/500  loss=48.780987  α=0.2271  σ=0.9990  z₀ₘ=5.12e-02  k=0.5033  C=4.45e+06  T0=286.28
    Epoch 110/500  loss=48.754345  α=0.2259  σ=0.9990  z₀ₘ=5.12e-02  k=0.5215  C=4.49e+06  T0=286.48
    Epoch 120/500  loss=48.727577  α=0.2260  σ=0.9990  z₀ₘ=5.12e-02  k=0.4942  C=4.68e+06  T0=286.43
    Epoch 130/500  loss=48.703003  α=0.2265  σ=0.9990  z₀ₘ=5.12e-02  k=0.5008  C=4.63e+06  T0=286.21
    Epoch 140/500  loss=48.683517  α=0.2262  σ=0.9990  z₀ₘ=5.12e-02  k=0.5070  C=4.60e+06  T0=285.87
    Epoch 150/500  loss=48.655087  α=0.2264  σ=0.9990  z₀ₘ=5.12e-02  k=0.5016  C=4.66e+06  T0=285.45
    Epoch 160/500  loss=48.630127  α=0.2265  σ=0.9990  z₀ₘ=5.12e-02  k=0.5018  C=4.66e+06  T0=284.99
    Epoch 170/500  loss=48.611923  α=0.2266  σ=0.9990  z₀ₘ=5.11e-02  k=0.5014  C=4.68e+06  T0=284.53
    Epoch 180/500  loss=48.599945  α=0.2266  σ=0.9990  z₀ₘ=5.11e-02  k=0.4996  C=4.71e+06  T0=284.10
    Epoch 190/500  loss=48.589046  α=0.2261  σ=0.9990  z₀ₘ=5.11e-02  k=0.5037  C=4.71e+06  T0=283.74
    Epoch 200/500  loss=48.709946  α=0.2298  σ=0.9990  z₀ₘ=5.11e-02  k=0.5381  C=4.50e+06  T0=283.74
    Epoch 210/500  loss=48.709946  α=0.2298  σ=0.9990  z₀ₘ=5.11e-02  k=0.5381  C=4.50e+06  T0=283.74
    Epoch 220/500  loss=48.709946  α=0.2298  σ=0.9990  z₀ₘ=5.11e-02  k=0.5381  C=4.50e+06  T0=283.74

  [Early Stop] flat to 3dp (loss≈48.710) for 30 epochs at epoch 230
  [✓] Results saved →  /Users/hsc/Paper📑/Submission/paper-2026-lsm-diff-energy/Experiments/parameters_optimization_expriments/3.RHS/Shenshawo/
      Final loss: 48.709946
      Final α=0.2298  σ=0.9990  z₀ₘ=5.11e-02  k=0.5381  C=4.50e+06
