
============================================================
  Experiment: ALL  |  Site: Ejin
============================================================
  Initial params (from estimate):
    α   = 0.2640,  σ = 0.9032,  z₀ₘ = 2.2517e-03
    k   = 2.4728,     C = 2.18e+06
  Spin-up (20 iterations) ...
  Spin-up done.  T0[:4] = [287.31274 287.88788 289.38284 290.2757 ]
  Optimizing (500 epochs) ...
    Epoch   0/500  loss=135.485641  α=0.2540  σ=0.8932  z₀ₘ=1.23e-02  k=2.3728  C=1.97e+06  T0=286.31
    Epoch  10/500  loss=73.297920  α=0.2703  σ=0.9683  z₀ₘ=4.76e-02  k=1.3783  C=9.19e+05  T0=285.38
    Epoch  20/500  loss=65.651772  α=0.2658  σ=0.9990  z₀ₘ=5.37e-02  k=0.8045  C=1.20e+06  T0=284.46
    Epoch  30/500  loss=61.511162  α=0.2557  σ=0.9990  z₀ₘ=5.02e-02  k=1.1223  C=1.34e+06  T0=283.56
    Epoch  40/500  loss=59.416737  α=0.2609  σ=0.9950  z₀ₘ=4.36e-02  k=1.0840  C=1.09e+06  T0=282.70
    Epoch  50/500  loss=58.177162  α=0.2617  σ=0.9945  z₀ₘ=3.03e-02  k=1.0419  C=1.13e+06  T0=281.88
    Epoch  60/500  loss=53.187416  α=0.2579  σ=0.9714  z₀ₘ=4.20e-04  k=1.0007  C=1.16e+06  T0=281.11
    Epoch  70/500  loss=59.634262  α=0.2663  σ=0.9636  z₀ₘ=4.80e-02  k=1.0292  C=1.11e+06  T0=280.42
    Epoch  80/500  loss=59.192959  α=0.2621  σ=0.9990  z₀ₘ=6.46e-02  k=1.1238  C=1.18e+06  T0=279.88
    Epoch  90/500  loss=58.927898  α=0.2624  σ=0.9989  z₀ₘ=7.04e-02  k=1.0053  C=1.14e+06  T0=279.45
    Epoch 100/500  loss=58.744705  α=0.2598  σ=0.9919  z₀ₘ=7.21e-02  k=1.0814  C=1.16e+06  T0=279.24
    Epoch 110/500  loss=58.682446  α=0.2602  σ=0.9899  z₀ₘ=7.24e-02  k=1.0321  C=1.14e+06  T0=279.23
    Epoch 120/500  loss=58.614716  α=0.2592  σ=0.9947  z₀ₘ=7.22e-02  k=1.0538  C=1.16e+06  T0=279.38
    Epoch 130/500  loss=58.543083  α=0.2596  σ=0.9920  z₀ₘ=7.17e-02  k=1.0381  C=1.14e+06  T0=279.63
    Epoch 140/500  loss=58.460213  α=0.2592  σ=0.9924  z₀ₘ=7.11e-02  k=1.0457  C=1.15e+06  T0=279.92
    Epoch 150/500  loss=58.379337  α=0.2593  σ=0.9928  z₀ₘ=7.04e-02  k=1.0394  C=1.14e+06  T0=280.21
    Epoch 160/500  loss=58.305721  α=0.2592  σ=0.9925  z₀ₘ=6.97e-02  k=1.0424  C=1.15e+06  T0=280.48
    Epoch 170/500  loss=58.244980  α=0.2592  σ=0.9925  z₀ₘ=6.89e-02  k=1.0413  C=1.14e+06  T0=280.70
    Epoch 180/500  loss=58.202667  α=0.2591  σ=0.9927  z₀ₘ=6.81e-02  k=1.0422  C=1.14e+06  T0=280.88
    Epoch 190/500  loss=58.185379  α=0.2592  σ=0.9927  z₀ₘ=6.78e-02  k=1.0421  C=1.14e+06  T0=280.88
    Epoch 200/500  loss=58.185379  α=0.2592  σ=0.9927  z₀ₘ=6.78e-02  k=1.0421  C=1.14e+06  T0=280.88
    Epoch 210/500  loss=58.185379  α=0.2592  σ=0.9927  z₀ₘ=6.78e-02  k=1.0421  C=1.14e+06  T0=280.88

  [Early Stop] flat to 3dp (loss≈58.190) for 30 epochs at epoch 212
  [✓] Results saved →  /Users/hsc/Paper📑/Submission/paper-2026-lsm-diff-energy/Experiments/parameters_optimization_expriments/1.ALL/Ejin/
      Final loss: 58.185379
      Final α=0.2592  σ=0.9927  z₀ₘ=6.78e-02  k=1.0421  C=1.14e+06
