
============================================================
  Experiment: RHT  |  Site: Huazhaizi
============================================================
  Initial params (from estimate):
    α   = 0.2406,  σ = 0.8712,  z₀ₘ = 3.1433e-02
    k   = 0.9857,     C = 1.50e+06
  Spin-up (20 iterations) ...
  Spin-up done.  T0[:4] = [287.06433 287.70132 289.2577  289.8882 ]
  Optimizing (500 epochs) ...
    Epoch   0/500  loss=75.988403  α=0.2506  σ=0.8812  z₀ₘ=2.14e-02  k=1.0857  C=1.66e+06  T0=286.06
    Epoch  10/500  loss=67.058205  α=0.2524  σ=0.9613  z₀ₘ=2.65e-02  k=0.7122  C=1.46e+06  T0=285.14
    Epoch  20/500  loss=59.615620  α=0.2371  σ=1.0466  z₀ₘ=4.19e-02  k=0.9275  C=2.22e+06  T0=284.19
    Epoch  30/500  loss=56.144924  α=0.2387  σ=1.1075  z₀ₘ=4.78e-02  k=0.5647  C=2.09e+06  T0=283.31
    Epoch  40/500  loss=55.032532  α=0.2376  σ=1.1458  z₀ₘ=5.01e-02  k=0.5174  C=2.78e+06  T0=282.49
    Epoch  50/500  loss=54.507984  α=0.2393  σ=1.1542  z₀ₘ=5.10e-02  k=0.3172  C=3.57e+06  T0=281.73
    Epoch  60/500  loss=54.294258  α=0.2394  σ=1.1458  z₀ₘ=5.14e-02  k=0.3289  C=3.70e+06  T0=281.04
    Epoch  70/500  loss=54.169304  α=0.2394  σ=1.1327  z₀ₘ=5.15e-02  k=0.3855  C=3.41e+06  T0=280.44
    Epoch  80/500  loss=54.140293  α=0.2391  σ=1.1246  z₀ₘ=5.15e-02  k=0.3828  C=3.59e+06  T0=279.94
    Epoch  90/500  loss=54.155159  α=0.2388  σ=1.1212  z₀ₘ=5.15e-02  k=0.3777  C=3.64e+06  T0=279.54
    Epoch 100/500  loss=54.170525  α=0.2388  σ=1.1208  z₀ₘ=5.15e-02  k=0.3843  C=3.51e+06  T0=279.26
    Epoch 110/500  loss=54.179817  α=0.2388  σ=1.1220  z₀ₘ=5.15e-02  k=0.3808  C=3.52e+06  T0=279.08
    Epoch 120/500  loss=54.177971  α=0.2389  σ=1.1229  z₀ₘ=5.15e-02  k=0.3806  C=3.51e+06  T0=279.00
    Epoch 130/500  loss=54.165623  α=0.2389  σ=1.1232  z₀ₘ=5.15e-02  k=0.3831  C=3.48e+06  T0=279.02
    Epoch 140/500  loss=54.137398  α=0.2389  σ=1.1231  z₀ₘ=5.15e-02  k=0.3832  C=3.49e+06  T0=279.13
    Epoch 150/500  loss=54.096947  α=0.2389  σ=1.1228  z₀ₘ=5.15e-02  k=0.3844  C=3.49e+06  T0=279.31
    Epoch 160/500  loss=54.051651  α=0.2389  σ=1.1227  z₀ₘ=5.15e-02  k=0.3856  C=3.50e+06  T0=279.57
    Epoch 170/500  loss=53.990562  α=0.2389  σ=1.1226  z₀ₘ=5.15e-02  k=0.3854  C=3.51e+06  T0=279.88
    Epoch 180/500  loss=53.925499  α=0.2390  σ=1.1227  z₀ₘ=5.15e-02  k=0.3859  C=3.53e+06  T0=280.26
    Epoch 190/500  loss=53.855812  α=0.2390  σ=1.1228  z₀ₘ=5.15e-02  k=0.3861  C=3.55e+06  T0=280.67
    Epoch 200/500  loss=53.790371  α=0.2391  σ=1.1230  z₀ₘ=5.15e-02  k=0.3864  C=3.57e+06  T0=281.12
    Epoch 210/500  loss=53.732597  α=0.2391  σ=1.1233  z₀ₘ=5.15e-02  k=0.3868  C=3.59e+06  T0=281.60
    Epoch 220/500  loss=53.688290  α=0.2391  σ=1.1236  z₀ₘ=5.14e-02  k=0.3869  C=3.61e+06  T0=282.09
    Epoch 230/500  loss=53.648438  α=0.2391  σ=1.1241  z₀ₘ=5.14e-02  k=0.3878  C=3.63e+06  T0=282.59
    Epoch 240/500  loss=53.620834  α=0.2391  σ=1.1249  z₀ₘ=5.14e-02  k=0.3883  C=3.65e+06  T0=283.08
    Epoch 250/500  loss=53.606834  α=0.2392  σ=1.1258  z₀ₘ=5.14e-02  k=0.3882  C=3.66e+06  T0=283.54
    Epoch 260/500  loss=53.602791  α=0.2392  σ=1.1266  z₀ₘ=5.14e-02  k=0.3877  C=3.67e+06  T0=283.98
    Epoch 270/500  loss=53.606258  α=0.2392  σ=1.1274  z₀ₘ=5.14e-02  k=0.3869  C=3.68e+06  T0=284.37
    Epoch 280/500  loss=53.613770  α=0.2393  σ=1.1281  z₀ₘ=5.14e-02  k=0.3863  C=3.68e+06  T0=284.71
    Epoch 290/500  loss=53.622833  α=0.2393  σ=1.1285  z₀ₘ=5.14e-02  k=0.3858  C=3.69e+06  T0=285.00
    Epoch 300/500  loss=53.630444  α=0.2393  σ=1.1289  z₀ₘ=5.14e-02  k=0.3858  C=3.69e+06  T0=285.23
    Epoch 310/500  loss=53.634811  α=0.2393  σ=1.1291  z₀ₘ=5.14e-02  k=0.3858  C=3.69e+06  T0=285.40
    Epoch 320/500  loss=53.634315  α=0.2393  σ=1.1292  z₀ₘ=5.13e-02  k=0.3859  C=3.68e+06  T0=285.51
    Epoch 330/500  loss=53.630157  α=0.2393  σ=1.1291  z₀ₘ=5.13e-02  k=0.3862  C=3.68e+06  T0=285.58
    Epoch 340/500  loss=53.623932  α=0.2393  σ=1.1289  z₀ₘ=5.13e-02  k=0.3866  C=3.68e+06  T0=285.59
    Epoch 350/500  loss=53.615402  α=0.2393  σ=1.1286  z₀ₘ=5.13e-02  k=0.3872  C=3.67e+06  T0=285.57
    Epoch 360/500  loss=53.606441  α=0.2393  σ=1.1283  z₀ₘ=5.13e-02  k=0.3878  C=3.67e+06  T0=285.52
    Epoch 370/500  loss=53.598351  α=0.2393  σ=1.1279  z₀ₘ=5.13e-02  k=0.3884  C=3.66e+06  T0=285.45
    Epoch 380/500  loss=53.592552  α=0.2393  σ=1.1275  z₀ₘ=5.13e-02  k=0.3894  C=3.65e+06  T0=285.36
    Epoch 390/500  loss=53.588890  α=0.2392  σ=1.1272  z₀ₘ=5.13e-02  k=0.3900  C=3.64e+06  T0=285.28
    Epoch 400/500  loss=53.587463  α=0.2392  σ=1.1268  z₀ₘ=5.12e-02  k=0.3906  C=3.63e+06  T0=285.19

  [Early Stop] flat to 3dp (loss≈53.590) for 30 epochs at epoch 402
  [✓] Results saved →  /Users/hsc/Paper📑/Submission/paper-2026-lsm-diff-energy/Experiments/discussion/sigma up limit 1.5 Exp-ALL/4.RHT/Huazhaizi/
      Final loss: 53.589180
      Final α=0.2392  σ=1.1267  z₀ₘ=5.12e-02  k=0.3903  C=3.63e+06
