================================================================================
  LSM PARAMETER ESTIMATION LOG
  Generated: 2026-07-29 11:33:01
================================================================================

────────────────────────────────────────────────────────────
  PARAMETER SUMMARY — Huazhaizi
────────────────────────────────────────────────────────────
  α   (albedo)            = 0.2406
  σ   (emissivity)        = 0.8712    (R² = 0.9887)
  z₀ₘ (roughness length)  = 3.1433e-02 m
  k   (conductivity)      = 0.9857 W m^{-1} K^{-1}    (R² = 0.7564)
  C   (heat capacity)     = 1.50e+06 J m^{-3} K^{-1}
  λ̄_A (diffusivity, amp)  = 8.0536e-07 m^{2} s^{-1}
  λ̄_φ (diffusivity, phase) = 5.0631e-07 m^{2} s^{-1}
  ────────────────────────────────────────────────────────────
  λ per-layer estimates:
  Layer (cm)           λ_amp (m² s⁻¹)   λ_phase (m² s⁻¹)
  ──────────────── ──────────────── ────────────────
  0 → 2                  1.3873e-08       2.8553e-08
  2 → 4                  4.5735e-08       4.2082e-10
  4 → 10                 1.1429e-06       7.6811e-07
  10 → 20                9.1309e-07       5.4596e-07
  20 → 40                2.7871e-07       3.3173e-07
  40 → 60                2.4377e-06       4.0368e-07
  60 → 100               1.2687e-05       8.5399e-05
────────────────────────────────────────────────────────────

────────────────────────────────────────────────────────────
  PARAMETER SUMMARY — Ejin
────────────────────────────────────────────────────────────
  α   (albedo)            = 0.2640
  σ   (emissivity)        = 0.9032    (R² = 0.9714)
  z₀ₘ (roughness length)  = 2.2517e-03 m
  k   (conductivity)      = 2.4728 W m^{-1} K^{-1}    (R² = 0.9180)
  C   (heat capacity)     = 2.18e+06 J m^{-3} K^{-1}
  λ̄_A (diffusivity, amp)  = 2.0567e-06 m^{2} s^{-1}
  λ̄_φ (diffusivity, phase) = 2.1706e-07 m^{2} s^{-1}
  ────────────────────────────────────────────────────────────
  λ per-layer estimates:
  Layer (cm)           λ_amp (m² s⁻¹)   λ_phase (m² s⁻¹)
  ──────────────── ──────────────── ────────────────
  0 → 2                  1.9242e-07       2.3570e-07
  2 → 4                  1.7099e-07       2.0082e-07
  4 → 10                 6.0923e-06       3.5015e-09
  10 → 20                3.8536e-07       3.4472e-07
  20 → 40                4.0492e-07       3.4692e-07
  40 → 60                1.7973e-07       2.2993e-07
  60 → 100               4.2531e-06       2.6795e-07
────────────────────────────────────────────────────────────

────────────────────────────────────────────────────────────
  PARAMETER SUMMARY — Shenshawo
────────────────────────────────────────────────────────────
  α   (albedo)            = 0.2339
  σ   (emissivity)        = 0.8537    (R² = 0.9862)
  z₀ₘ (roughness length)  = 7.1765e-02 m
  k   (conductivity)      = 0.4319 W m^{-1} K^{-1}    (R² = 0.7755)
  C   (heat capacity)     = 3.21e+06 J m^{-3} K^{-1}
  λ̄_A (diffusivity, amp)  = 1.3128e-07 m^{2} s^{-1}
  λ̄_φ (diffusivity, phase) = 1.3745e-07 m^{2} s^{-1}
  ────────────────────────────────────────────────────────────
  λ per-layer estimates:
  Layer (cm)           λ_amp (m² s⁻¹)   λ_phase (m² s⁻¹)
  ──────────────── ──────────────── ────────────────
  0 → 2                  4.0473e-08       5.8613e-08
  2 → 4                  7.9398e-08       4.2230e-10
  4 → 10                 1.2819e-07       1.4419e-07
  10 → 20                1.6167e-07       1.7658e-07
  20 → 40                3.0617e-07       2.5477e-07
  40 → 60                3.5667e-06       2.0245e-06
  60 → 100               1.3014e-04       2.3966e-04
────────────────────────────────────────────────────────────

================================================================================
  CROSS-SITE COMPARISON
================================================================================
Site                    α        σ        z₀ₘ (m)        k C (J m^{{-3}} K^{{-1}})
--------------------------------------------------------------------------------
Huazhaizi          0.2406   0.8712     3.1433e-02   0.9857       1.50e+06
Ejin               0.2640   0.9032     2.2517e-03   2.4728       2.18e+06
Shenshawo          0.2339   0.8537     7.1765e-02   0.4319       3.21e+06
================================================================================
