RMSE & Correlation Summary
====================================================================================================

Site: Huazhaizi
----------------------------------------------------------------------------------------------------
  Parameter Results
  Exp    |         α         σ         z₀ₘ         k             C             λ
  -------+-----------------------------------------------------------------
  EST    |    0.2406    0.8712    3.14e-02    0.9857      1.50e+06      6.56e-07
  RSL    |    0.2382    0.9990    5.13e-02    0.1775      6.09e+05      2.91e-07
  RHS    |    0.2393    0.9990    5.12e-02    0.4416      4.03e+06      1.09e-07
  RHT    |    0.2396    0.9990    5.14e-02    0.4519      4.15e+06      1.09e-07
  ALL    |    0.2416    0.9990    5.13e-02    0.4388      2.63e+06      1.67e-07

  RMSE & Correlation
  Exp    |                       RMSE                      |                       Corr                     
         |    Rsu    Rlu      H     G6   T2cm  T10cm |    Rsu    Rlu      H     G6   T2cm  T10cm
  -------+------------------------------------------------+-----------------------------------------------
  EST    |   3.24  34.57  34.33  33.70   4.28   2.43 |  0.999  0.973  0.978  0.930  0.835  0.817
  RSL    |   3.22  19.14  62.56  23.95   5.59   6.19 |  0.999  0.984  0.973  0.899  0.787  0.523
  RHS    |   3.20  28.57  22.02  15.88   3.88   4.48 |  0.999  0.975  0.982  0.846  0.947  0.757
  RHT    |   3.20  28.90  21.87  14.96   3.55   3.57 |  0.999  0.975  0.982  0.858  0.950  0.779
  ALL    |   3.34  25.95  27.22   7.81   4.41   3.42 |  0.999  0.982  0.982  0.976  0.913  0.916

Site: Ejin
----------------------------------------------------------------------------------------------------
  Parameter Results
  Exp    |         α         σ         z₀ₘ         k             C             λ
  -------+-----------------------------------------------------------------
  EST    |    0.2640    0.9032    2.25e-03    2.4728      2.18e+06      1.14e-06
  RSL    |    0.2551    0.9643    5.12e-02    0.4609      8.58e+05      5.37e-07
  RHS    |    0.2560    0.9960    8.42e-02    0.4982      2.38e+06      2.10e-07
  RHT    |    0.2570    0.9854    1.33e-01    0.8837      1.34e+06      6.60e-07
  ALL    |    0.2592    0.9927    6.78e-02    1.0421      1.14e+06      9.12e-07

  RMSE & Correlation
  Exp    |                       RMSE                      |                       Corr                     
         |    Rsu    Rlu      H     G6   T2cm  T10cm |    Rsu    Rlu      H     G6   T2cm  T10cm
  -------+------------------------------------------------+-----------------------------------------------
  EST    |  10.13  19.79  54.55  48.83   2.87   2.07 |  0.991  0.978  0.918  0.979  0.987  0.986
  RSL    |   9.76   5.53  39.25  27.49   4.83   5.00 |  0.991  0.995  0.970  0.957  0.970  0.934
  RHS    |   9.76   7.86  23.24  36.35   5.46   8.73 |  0.991  0.996  0.977  0.818  0.988  0.692
  RHT    |   9.76   9.21  22.81  15.30   4.68   5.43 |  0.991  0.996  0.976  0.976  0.980  0.976
  ALL    |   9.82  10.11  23.18  10.66   4.43   4.38 |  0.991  0.995  0.976  0.984  0.977  0.987

Site: Shenshawo
----------------------------------------------------------------------------------------------------
  Parameter Results
  Exp    |         α         σ         z₀ₘ         k             C             λ
  -------+-----------------------------------------------------------------
  EST    |    0.2339    0.8537    7.18e-02    0.4319      3.21e+06      1.34e-07
  RSL    |    0.2243    0.9990    9.18e-01    0.5184      6.18e+05      8.39e-07
  RHS    |    0.2298    0.9990    5.11e-02    0.5381      4.50e+06      1.20e-07
  RHT    |    0.2286    0.9990    5.12e-02    0.5046      5.08e+06      9.93e-08
  ALL    |    0.2320    0.9990    5.12e-02    0.5071      3.26e+06      1.55e-07

  RMSE & Correlation
  Exp    |                       RMSE                      |                       Corr                     
         |    Rsu    Rlu      H     G6   T2cm  T10cm |    Rsu    Rlu      H     G6   T2cm  T10cm
  -------+------------------------------------------------+-----------------------------------------------
  EST    |   6.19  27.56  34.41   9.45   4.99   5.71 |  0.996  0.988  0.958  0.963  0.976  0.825
  RSL    |   5.78   8.03  50.44  25.89   6.02   5.22 |  0.996  0.995  0.951  0.764  0.852  0.389
  RHS    |   5.84  21.06  21.82  17.63   5.60   6.98 |  0.996  0.988  0.954  0.883  0.973  0.068
  RHT    |   5.78  21.52  22.42  17.78   4.94   5.11 |  0.996  0.988  0.954  0.834  0.975  0.013
  ALL    |   6.00  18.32  27.27   7.82   5.21   5.18 |  0.996  0.992  0.956  0.978  0.972  0.759