
============================================================
  Experiment: RSL  |  Site: Huazhaizi
============================================================
  Initial params (from estimate):
    α   = 0.2406,  σ = 0.8712,  z₀ₘ = 3.1433e-02
    k   = 0.9857,     C = 1.50e+06
  Spin-up (20 iterations) ...
  Spin-up done.  T0[:4] = [287.06433 287.70132 289.2577  289.8882 ]
  Optimizing (500 epochs) ...
    Epoch   0/500  loss=37.808880  α=0.2306  σ=0.8812  z₀ₘ=2.14e-02  k=0.8857  C=1.36e+06  T0=286.06
    Epoch  10/500  loss=26.275572  α=0.2346  σ=0.9584  z₀ₘ=2.65e-02  k=0.2386  C=7.26e+05  T0=285.08
    Epoch  20/500  loss=21.250261  α=0.2360  σ=1.0465  z₀ₘ=4.19e-02  k=0.3432  C=6.19e+05  T0=284.10
    Epoch  30/500  loss=18.345606  α=0.2374  σ=1.1254  z₀ₘ=4.78e-02  k=0.2391  C=5.28e+05  T0=283.11
    Epoch  40/500  loss=18.027735  α=0.2386  σ=1.1708  z₀ₘ=5.01e-02  k=0.2858  C=5.90e+05  T0=282.12
    Epoch  50/500  loss=18.026451  α=0.2393  σ=1.1783  z₀ₘ=5.10e-02  k=0.2477  C=6.83e+05  T0=281.12
    Epoch  60/500  loss=17.870670  α=0.2393  σ=1.1660  z₀ₘ=5.13e-02  k=0.2148  C=7.89e+05  T0=280.11
    Epoch  70/500  loss=17.802206  α=0.2388  σ=1.1547  z₀ₘ=5.15e-02  k=0.2085  C=8.26e+05  T0=279.10
    Epoch  80/500  loss=17.762386  α=0.2387  σ=1.1526  z₀ₘ=5.15e-02  k=0.2136  C=7.96e+05  T0=278.08
    Epoch  90/500  loss=17.716322  α=0.2389  σ=1.1564  z₀ₘ=5.15e-02  k=0.2172  C=7.78e+05  T0=277.05
    Epoch 100/500  loss=17.667921  α=0.2388  σ=1.1601  z₀ₘ=5.15e-02  k=0.2186  C=7.93e+05  T0=276.01
    Epoch 110/500  loss=17.619457  α=0.2388  σ=1.1615  z₀ₘ=5.15e-02  k=0.2199  C=8.11e+05  T0=274.96
    Epoch 120/500  loss=17.569765  α=0.2389  σ=1.1620  z₀ₘ=5.15e-02  k=0.2221  C=8.19e+05  T0=273.91
    Epoch 130/500  loss=17.518599  α=0.2388  σ=1.1631  z₀ₘ=5.15e-02  k=0.2242  C=8.25e+05  T0=272.84
    Epoch 140/500  loss=17.473425  α=0.2389  σ=1.1648  z₀ₘ=5.15e-02  k=0.2303  C=8.23e+05  T0=271.79
    Epoch 150/500  loss=17.440580  α=0.2389  σ=1.1664  z₀ₘ=5.15e-02  k=0.2366  C=8.17e+05  T0=270.81
    Epoch 160/500  loss=17.414515  α=0.2389  σ=1.1676  z₀ₘ=5.15e-02  k=0.2445  C=8.20e+05  T0=269.93
    Epoch 170/500  loss=17.398422  α=0.2388  σ=1.1685  z₀ₘ=5.14e-02  k=0.2481  C=8.28e+05  T0=269.16
    Epoch 180/500  loss=17.385069  α=0.2388  σ=1.1696  z₀ₘ=5.14e-02  k=0.2517  C=8.29e+05  T0=268.52
    Epoch 190/500  loss=17.375891  α=0.2388  σ=1.1710  z₀ₘ=5.14e-02  k=0.2557  C=8.31e+05  T0=268.02
    Epoch 200/500  loss=17.365171  α=0.2388  σ=1.1723  z₀ₘ=5.14e-02  k=0.2596  C=8.38e+05  T0=267.68
    Epoch 210/500  loss=17.347374  α=0.2388  σ=1.1735  z₀ₘ=5.14e-02  k=0.2623  C=8.45e+05  T0=267.47
    Epoch 220/500  loss=17.319920  α=0.2388  σ=1.1746  z₀ₘ=5.14e-02  k=0.2643  C=8.55e+05  T0=267.38
    Epoch 230/500  loss=17.298210  α=0.2388  σ=1.1757  z₀ₘ=5.14e-02  k=0.2651  C=8.64e+05  T0=267.42
    Epoch 240/500  loss=17.269953  α=0.2389  σ=1.1768  z₀ₘ=5.14e-02  k=0.2655  C=8.75e+05  T0=267.55
    Epoch 250/500  loss=17.239531  α=0.2389  σ=1.1779  z₀ₘ=5.13e-02  k=0.2650  C=8.87e+05  T0=267.77
    Epoch 260/500  loss=17.205482  α=0.2389  σ=1.1789  z₀ₘ=5.13e-02  k=0.2650  C=8.99e+05  T0=268.06
    Epoch 270/500  loss=17.171309  α=0.2389  σ=1.1798  z₀ₘ=5.13e-02  k=0.2659  C=9.09e+05  T0=268.41
    Epoch 280/500  loss=17.137596  α=0.2389  σ=1.1808  z₀ₘ=5.13e-02  k=0.2662  C=9.19e+05  T0=268.79
    Epoch 290/500  loss=17.105238  α=0.2389  σ=1.1817  z₀ₘ=5.13e-02  k=0.2649  C=9.32e+05  T0=269.19
    Epoch 300/500  loss=17.074989  α=0.2389  σ=1.1827  z₀ₘ=5.13e-02  k=0.2639  C=9.41e+05  T0=269.59
    Epoch 310/500  loss=17.048388  α=0.2389  σ=1.1837  z₀ₘ=5.13e-02  k=0.2643  C=9.48e+05  T0=269.97
    Epoch 320/500  loss=17.026312  α=0.2389  σ=1.1848  z₀ₘ=5.12e-02  k=0.2658  C=9.57e+05  T0=270.33
    Epoch 330/500  loss=17.000221  α=0.2389  σ=1.1859  z₀ₘ=5.12e-02  k=0.2667  C=9.68e+05  T0=270.64
    Epoch 340/500  loss=16.973978  α=0.2389  σ=1.1874  z₀ₘ=5.12e-02  k=0.2693  C=9.72e+05  T0=270.91
    Epoch 350/500  loss=16.949406  α=0.2389  σ=1.1890  z₀ₘ=5.12e-02  k=0.2727  C=9.83e+05  T0=271.12
    Epoch 360/500  loss=16.922802  α=0.2389  σ=1.1905  z₀ₘ=5.12e-02  k=0.2742  C=9.95e+05  T0=271.27
    Epoch 370/500  loss=16.894567  α=0.2389  σ=1.1921  z₀ₘ=5.12e-02  k=0.2764  C=1.01e+06  T0=271.36
    Epoch 380/500  loss=16.870329  α=0.2389  σ=1.1938  z₀ₘ=5.11e-02  k=0.2781  C=1.02e+06  T0=271.39
    Epoch 390/500  loss=16.841484  α=0.2389  σ=1.1956  z₀ₘ=5.11e-02  k=0.2803  C=1.04e+06  T0=271.36
    Epoch 400/500  loss=16.810120  α=0.2388  σ=1.1976  z₀ₘ=5.11e-02  k=0.2830  C=1.05e+06  T0=271.29
    Epoch 410/500  loss=16.783674  α=0.2388  σ=1.1997  z₀ₘ=5.11e-02  k=0.2864  C=1.07e+06  T0=271.17
    Epoch 420/500  loss=16.757715  α=0.2388  σ=1.2018  z₀ₘ=5.11e-02  k=0.2876  C=1.09e+06  T0=271.02
    Epoch 430/500  loss=16.731504  α=0.2388  σ=1.2043  z₀ₘ=5.10e-02  k=0.2923  C=1.10e+06  T0=270.86
    Epoch 440/500  loss=16.710554  α=0.2388  σ=1.2057  z₀ₘ=5.10e-02  k=0.2859  C=1.12e+06  T0=270.71
    Epoch 450/500  loss=16.678026  α=0.2388  σ=1.2081  z₀ₘ=5.10e-02  k=0.2988  C=1.14e+06  T0=270.56
    Epoch 460/500  loss=16.655252  α=0.2389  σ=1.2107  z₀ₘ=5.10e-02  k=0.3006  C=1.16e+06  T0=270.43
    Epoch 470/500  loss=16.630505  α=0.2389  σ=1.2127  z₀ₘ=5.10e-02  k=0.3005  C=1.17e+06  T0=270.33
    Epoch 480/500  loss=16.608204  α=0.2388  σ=1.2146  z₀ₘ=5.09e-02  k=0.3029  C=1.19e+06  T0=270.25
    Epoch 490/500  loss=16.587511  α=0.2388  σ=1.2166  z₀ₘ=5.09e-02  k=0.3057  C=1.20e+06  T0=270.21
    Epoch 499/500  loss=16.564718  α=0.2389  σ=1.2185  z₀ₘ=5.09e-02  k=0.3062  C=1.22e+06  T0=270.21
  [✓] Results saved →  /Users/hsc/Paper📑/Submission/paper-2026-lsm-diff-energy/Experiments/discussion/sigma up limit 1.5 Exp-ALL/2.RSL/Huazhaizi/
      Final loss: 16.564718
      Final α=0.2389  σ=1.2185  z₀ₘ=5.09e-02  k=0.3062  C=1.22e+06
