
============================================================
  Experiment: RHT  |  Site: Ejin
============================================================
  Initial params (from estimate):
    α   = 0.2640,  σ = 0.9032,  z₀ₘ = 2.2517e-03
    k   = 2.4728,     C = 2.18e+06
  Spin-up (20 iterations) ...
  Spin-up done.  T0[:4] = [287.31274 287.88788 289.38284 290.2757 ]
  Optimizing (500 epochs) ...
    Epoch   0/500  loss=86.651299  α=0.2540  σ=0.8932  z₀ₘ=1.23e-02  k=2.3728  C=1.97e+06  T0=286.31
    Epoch  10/500  loss=55.346535  α=0.2703  σ=0.9668  z₀ₘ=4.17e-02  k=1.4009  C=9.84e+05  T0=285.35
    Epoch  20/500  loss=50.266376  α=0.2624  σ=0.9990  z₀ₘ=4.06e-02  k=0.6890  C=1.26e+06  T0=284.46
    Epoch  30/500  loss=47.945129  α=0.2646  σ=0.9990  z₀ₘ=2.44e-02  k=0.7912  C=1.67e+06  T0=283.62
    Epoch  40/500  loss=45.476059  α=0.2584  σ=0.9700  z₀ₘ=1.43e-02  k=0.5950  C=1.70e+06  T0=282.82
    Epoch  50/500  loss=47.438629  α=0.2653  σ=0.9771  z₀ₘ=2.69e-02  k=0.7122  C=1.81e+06  T0=282.12
    Epoch  60/500  loss=46.789230  α=0.2618  σ=0.9990  z₀ₘ=2.34e-02  k=0.7419  C=1.84e+06  T0=281.52
    Epoch  70/500  loss=44.919548  α=0.2619  σ=0.9839  z₀ₘ=1.12e-02  k=0.6331  C=1.74e+06  T0=281.00
    Epoch  80/500  loss=45.790737  α=0.2597  σ=0.9159  z₀ₘ=8.38e-03  k=0.4940  C=1.64e+06  T0=280.61
    Epoch  90/500  loss=48.836411  α=0.2566  σ=0.9505  z₀ₘ=5.33e-02  k=0.9103  C=1.87e+06  T0=280.41
    Epoch 100/500  loss=47.814278  α=0.2648  σ=0.9990  z₀ₘ=6.90e-02  k=0.7828  C=1.58e+06  T0=280.33
    Epoch 110/500  loss=47.807304  α=0.2596  σ=0.9990  z₀ₘ=7.44e-02  k=0.7981  C=1.52e+06  T0=280.36
    Epoch 120/500  loss=47.706604  α=0.2564  σ=0.9891  z₀ₘ=7.60e-02  k=0.8547  C=1.54e+06  T0=280.49
    Epoch 130/500  loss=47.601654  α=0.2591  σ=0.9836  z₀ₘ=7.62e-02  k=0.8200  C=1.49e+06  T0=280.70
    Epoch 140/500  loss=47.511105  α=0.2580  σ=0.9887  z₀ₘ=7.59e-02  k=0.8455  C=1.53e+06  T0=280.97
    Epoch 150/500  loss=47.422775  α=0.2589  σ=0.9881  z₀ₘ=7.54e-02  k=0.8195  C=1.51e+06  T0=281.30
    Epoch 160/500  loss=47.341618  α=0.2579  σ=0.9871  z₀ₘ=7.48e-02  k=0.8289  C=1.53e+06  T0=281.66
    Epoch 170/500  loss=47.258644  α=0.2580  σ=0.9865  z₀ₘ=7.41e-02  k=0.8188  C=1.53e+06  T0=282.06
    Epoch 180/500  loss=47.185921  α=0.2576  σ=0.9871  z₀ₘ=7.34e-02  k=0.8215  C=1.54e+06  T0=282.47
    Epoch 190/500  loss=47.120598  α=0.2576  σ=0.9867  z₀ₘ=7.26e-02  k=0.8197  C=1.53e+06  T0=282.88
    Epoch 200/500  loss=47.064384  α=0.2575  σ=0.9866  z₀ₘ=7.18e-02  k=0.8238  C=1.53e+06  T0=283.27
    Epoch 210/500  loss=47.019829  α=0.2575  σ=0.9867  z₀ₘ=7.10e-02  k=0.8267  C=1.51e+06  T0=283.63
    Epoch 220/500  loss=46.985073  α=0.2574  σ=0.9868  z₀ₘ=7.00e-02  k=0.8325  C=1.50e+06  T0=283.94
    Epoch 230/500  loss=46.956535  α=0.2573  σ=0.9867  z₀ₘ=6.91e-02  k=0.8381  C=1.48e+06  T0=284.17
    Epoch 240/500  loss=46.933270  α=0.2573  σ=0.9868  z₀ₘ=6.81e-02  k=0.8440  C=1.47e+06  T0=284.33
    Epoch 250/500  loss=46.910168  α=0.2573  σ=0.9871  z₀ₘ=6.70e-02  k=0.8502  C=1.45e+06  T0=284.39
    Epoch 260/500  loss=46.886654  α=0.2572  σ=0.9872  z₀ₘ=6.58e-02  k=0.8558  C=1.44e+06  T0=284.38
    Epoch 270/500  loss=46.860310  α=0.2572  σ=0.9873  z₀ₘ=6.46e-02  k=0.8602  C=1.43e+06  T0=284.28
    Epoch 280/500  loss=46.829987  α=0.2572  σ=0.9875  z₀ₘ=6.33e-02  k=0.8627  C=1.42e+06  T0=284.10
    Epoch 290/500  loss=46.794964  α=0.2572  σ=0.9876  z₀ₘ=6.19e-02  k=0.8644  C=1.41e+06  T0=283.87
    Epoch 300/500  loss=46.754204  α=0.2571  σ=0.9878  z₀ₘ=6.03e-02  k=0.8655  C=1.41e+06  T0=283.60
    Epoch 310/500  loss=46.708599  α=0.2571  σ=0.9879  z₀ₘ=5.87e-02  k=0.8663  C=1.40e+06  T0=283.28
    Epoch 320/500  loss=46.657265  α=0.2571  σ=0.9880  z₀ₘ=5.69e-02  k=0.8666  C=1.40e+06  T0=282.95
    Epoch 330/500  loss=46.611866  α=0.2571  σ=0.9881  z₀ₘ=5.50e-02  k=0.8663  C=1.40e+06  T0=282.60
    Epoch 340/500  loss=46.547478  α=0.2571  σ=0.9883  z₀ₘ=5.29e-02  k=0.8657  C=1.40e+06  T0=282.25
    Epoch 350/500  loss=46.473583  α=0.2571  σ=0.9884  z₀ₘ=5.06e-02  k=0.8650  C=1.39e+06  T0=281.89
    Epoch 360/500  loss=46.388859  α=0.2571  σ=0.9884  z₀ₘ=4.80e-02  k=0.8646  C=1.39e+06  T0=281.53
    Epoch 370/500  loss=46.279045  α=0.2571  σ=0.9884  z₀ₘ=4.51e-02  k=0.8637  C=1.39e+06  T0=281.16
    Epoch 380/500  loss=46.151340  α=0.2571  σ=0.9884  z₀ₘ=4.18e-02  k=0.8627  C=1.38e+06  T0=280.79
    Epoch 390/500  loss=45.977287  α=0.2571  σ=0.9881  z₀ₘ=3.79e-02  k=0.8605  C=1.37e+06  T0=280.41
    Epoch 400/500  loss=45.742638  α=0.2571  σ=0.9878  z₀ₘ=3.34e-02  k=0.8566  C=1.36e+06  T0=280.02
    Epoch 410/500  loss=45.367989  α=0.2572  σ=0.9866  z₀ₘ=2.77e-02  k=0.8509  C=1.35e+06  T0=279.68
    Epoch 420/500  loss=44.671848  α=0.2572  σ=0.9836  z₀ₘ=2.02e-02  k=0.8384  C=1.33e+06  T0=279.39
    Epoch 430/500  loss=42.568085  α=0.2570  σ=0.9721  z₀ₘ=8.25e-03  k=0.7959  C=1.29e+06  T0=279.17
    Epoch 440/500  loss=42.594540  α=0.2652  σ=0.9166  z₀ₘ=5.07e-03  k=0.8406  C=1.29e+06  T0=279.04
    Epoch 450/500  loss=47.408699  α=0.2693  σ=0.9102  z₀ₘ=2.61e-02  k=0.7075  C=1.15e+06  T0=279.00
    Epoch 460/500  loss=48.470631  α=0.2472  σ=0.9956  z₀ₘ=9.65e-02  k=1.0677  C=1.43e+06  T0=279.01
    Epoch 470/500  loss=47.690887  α=0.2592  σ=0.9976  z₀ₘ=1.21e-01  k=0.8324  C=1.21e+06  T0=279.05
    Epoch 480/500  loss=47.094391  α=0.2548  σ=0.9759  z₀ₘ=1.29e-01  k=0.9259  C=1.36e+06  T0=279.10
    Epoch 490/500  loss=47.030357  α=0.2559  σ=0.9792  z₀ₘ=1.32e-01  k=0.9008  C=1.37e+06  T0=279.12
    Epoch 499/500  loss=47.039139  α=0.2570  σ=0.9854  z₀ₘ=1.33e-01  k=0.8837  C=1.34e+06  T0=279.12
  [✓] Results saved →  /Users/hsc/Paper📑/Submission/paper-2026-lsm-diff-energy/Experiments/parameters_optimization_expriments/4.RHT/Ejin/
      Final loss: 47.039139
      Final α=0.2570  σ=0.9854  z₀ₘ=1.33e-01  k=0.8837  C=1.34e+06
