
==========================================================================================
  Energy Balance Closure Analysis
  Convention: Rn (down+), H (up+), G_obs (down+).  Rn = H + G
  Using observed G at 6 cm as surface heat flux
==========================================================================================

  ────────────────────────────────────────────────────────────────────────────────
  Metric 1: MAE = mean(|Rn − H − G_obs|)  (W/m²)
  ────────────────────────────────────────────────────────────────────────────────
  Station           Max      Min      MAE      Std
  --------------------------------------------------
  Ejin            158.7      0.0     26.7     30.0
  Huazhaizi       154.3      0.2     47.5     33.2
  Shenshawo       250.2      0.1     60.8     45.1

  ────────────────────────────────────────────────────────────────────────────────
  Metric 2: Energy Balance Ratio  EBR = (H + G_obs) / Rn  (|Rn| > 10 W/m²)
  ────────────────────────────────────────────────────────────────────────────────
  Station           N    EBR Mean    EBR Std
  ----------------------------------------
  Ejin            468      0.8872     0.4208
  Huazhaizi       471      0.5723     0.8423
  Shenshawo       475      0.4454     0.8402

  ────────────────────────────────────────────────────────────────────────────────
  Metric 3: OLS Regression  (H + G_obs) = a · Rn + b
  ────────────────────────────────────────────────────────────────────────────────
  Station       a (slope)   b (W/m²)         R²
  ---------------------------------------------
  Ejin             0.8784       2.48     0.9521
  Huazhaizi        0.7728      17.82     0.9040
  Shenshawo        0.5783      13.60     0.8029

  ────────────────────────────────────────────────────────────────────────────────
  Metric 4: Residual Fraction  |Rn − H − G| / |Rn|  (|Rn| > 10)
  ────────────────────────────────────────────────────────────────────────────────
  Station            Mean        Std
  -----------------------------------
  Ejin             0.2691     0.3425
  Huazhaizi        0.5601     0.7607
  Shenshawo        0.6901     0.7330

  ────────────────────────────────────────────────────────────────────────────────
  Flux Components Summary (mean ± std, W/m²)
  ────────────────────────────────────────────────────────────────────────────────
  Station                    Rn                H            G_obs
  -----------------------------------------------------------------
  Ejin             74.9 ±  170.9      62.2 ±  101.2       5.8 ±   56.8
  Huazhaizi        66.9 ±  169.7      62.9 ±  112.4       6.6 ±   27.1
  Shenshawo        29.3 ±  148.0      37.0 ±   68.1      -6.2 ±   30.9

  → Log saved to: /Users/hsc/Paper📑/Submission/paper-2026-lsm-diff-energy/Experiments/discussion/energy_closure.log
