
============================================================
  Experiment: RSL  |  Site: Ejin
============================================================
  Initial params (from estimate):
    α   = 0.2640,  σ = 0.9032,  z₀ₘ = 2.2517e-03
    k   = 2.4728,     C = 2.18e+06
  Spin-up (20 iterations) ...
  Spin-up done.  T0[:4] = [287.31274 287.88788 289.38284 290.2757 ]
  Optimizing (500 epochs) ...
    Epoch   0/500  loss=29.924858  α=0.2540  σ=0.8932  z₀ₘ=1.23e-02  k=2.3728  C=1.97e+06  T0=286.31
    Epoch  10/500  loss=22.526098  α=0.2544  σ=0.8750  z₀ₘ=2.34e-02  k=1.4347  C=8.08e+05  T0=285.61
    Epoch  20/500  loss=15.960182  α=0.2582  σ=0.9377  z₀ₘ=4.05e-02  k=0.4150  C=7.97e+05  T0=284.77
    Epoch  30/500  loss=16.091297  α=0.2557  σ=0.9774  z₀ₘ=4.70e-02  k=0.5528  C=8.83e+05  T0=283.87
    Epoch  40/500  loss=15.537395  α=0.2539  σ=0.9535  z₀ₘ=4.96e-02  k=0.4023  C=7.77e+05  T0=282.94
    Epoch  50/500  loss=15.558801  α=0.2541  σ=0.9516  z₀ₘ=5.06e-02  k=0.5154  C=7.88e+05  T0=282.00
    Epoch  60/500  loss=15.462203  α=0.2554  σ=0.9636  z₀ₘ=5.10e-02  k=0.4600  C=7.49e+05  T0=281.06
    Epoch  70/500  loss=15.412466  α=0.2551  σ=0.9565  z₀ₘ=5.12e-02  k=0.4942  C=7.62e+05  T0=280.14
    Epoch  80/500  loss=15.380521  α=0.2552  σ=0.9598  z₀ₘ=5.12e-02  k=0.4862  C=7.66e+05  T0=279.33
    Epoch  90/500  loss=15.372198  α=0.2552  σ=0.9608  z₀ₘ=5.12e-02  k=0.4783  C=7.72e+05  T0=278.71
    Epoch 100/500  loss=15.370987  α=0.2551  σ=0.9601  z₀ₘ=5.12e-02  k=0.4837  C=7.85e+05  T0=278.31
    Epoch 110/500  loss=15.367640  α=0.2552  σ=0.9617  z₀ₘ=5.12e-02  k=0.4788  C=7.93e+05  T0=278.14
    Epoch 120/500  loss=15.364292  α=0.2551  σ=0.9616  z₀ₘ=5.12e-02  k=0.4750  C=8.01e+05  T0=278.17
    Epoch 130/500  loss=15.358099  α=0.2551  σ=0.9623  z₀ₘ=5.12e-02  k=0.4746  C=8.09e+05  T0=278.37
    Epoch 140/500  loss=15.348759  α=0.2551  σ=0.9625  z₀ₘ=5.12e-02  k=0.4726  C=8.17e+05  T0=278.70
    Epoch 150/500  loss=15.337908  α=0.2551  σ=0.9630  z₀ₘ=5.12e-02  k=0.4700  C=8.25e+05  T0=279.11
    Epoch 160/500  loss=15.327791  α=0.2551  σ=0.9632  z₀ₘ=5.12e-02  k=0.4676  C=8.33e+05  T0=279.58
    Epoch 170/500  loss=15.317482  α=0.2551  σ=0.9635  z₀ₘ=5.12e-02  k=0.4657  C=8.40e+05  T0=280.09
    Epoch 180/500  loss=15.309286  α=0.2551  σ=0.9638  z₀ₘ=5.12e-02  k=0.4641  C=8.47e+05  T0=280.59
    Epoch 190/500  loss=15.303245  α=0.2551  σ=0.9640  z₀ₘ=5.12e-02  k=0.4628  C=8.52e+05  T0=281.06
    Epoch 200/500  loss=15.299822  α=0.2551  σ=0.9641  z₀ₘ=5.12e-02  k=0.4616  C=8.56e+05  T0=281.45
    Epoch 210/500  loss=15.298241  α=0.2551  σ=0.9643  z₀ₘ=5.12e-02  k=0.4609  C=8.58e+05  T0=281.74

  [Early Stop] flat to 3dp (loss≈15.300) for 30 epochs at epoch 212
  [✓] Results saved →  /Users/hsc/Paper📑/Submission/paper-2026-lsm-diff-energy/Experiments/parameters_optimization_expriments/2.RSL/Ejin/
      Final loss: 15.297329
      Final α=0.2551  σ=0.9643  z₀ₘ=5.12e-02  k=0.4609  C=8.58e+05
