
============================================================
  Experiment: ALL  |  Site: Shenshawo
============================================================
  Initial params (from estimate):
    α   = 0.2339,  σ = 0.8537,  z₀ₘ = 7.1765e-02
    k   = 0.4319,     C = 3.21e+06
  Spin-up (20 iterations) ...
  Spin-up done.  T0[:4] = [279.94907 281.59296 284.33185 283.5322 ]
  Optimizing (500 epochs) ...
    Epoch   0/500  loss=83.338669  α=0.2439  σ=0.8637  z₀ₘ=6.18e-02  k=0.5319  C=2.91e+06  T0=280.95
    Epoch  10/500  loss=62.779186  α=0.2216  σ=0.9555  z₀ₘ=9.18e-03  k=0.3952  C=3.67e+06  T0=281.73
    Epoch  20/500  loss=63.365822  α=0.2325  σ=1.0380  z₀ₘ=3.51e-02  k=0.4763  C=2.71e+06  T0=282.42
    Epoch  30/500  loss=59.714294  α=0.2331  σ=1.1163  z₀ₘ=4.51e-02  k=0.4996  C=2.87e+06  T0=282.57
    Epoch  40/500  loss=57.670818  α=0.2324  σ=1.1656  z₀ₘ=4.90e-02  k=0.4236  C=2.36e+06  T0=282.26
    Epoch  50/500  loss=57.801414  α=0.2312  σ=1.1907  z₀ₘ=5.05e-02  k=0.4116  C=2.30e+06  T0=281.73
    Epoch  60/500  loss=57.865311  α=0.2306  σ=1.1918  z₀ₘ=5.11e-02  k=0.4146  C=2.40e+06  T0=281.08
    Epoch  70/500  loss=57.754265  α=0.2310  σ=1.1815  z₀ₘ=5.13e-02  k=0.4081  C=2.34e+06  T0=280.41
    Epoch  80/500  loss=57.711742  α=0.2308  σ=1.1743  z₀ₘ=5.14e-02  k=0.4125  C=2.44e+06  T0=279.81
    Epoch  90/500  loss=57.723473  α=0.2311  σ=1.1729  z₀ₘ=5.14e-02  k=0.4092  C=2.41e+06  T0=279.41
    Epoch 100/500  loss=57.675735  α=0.2310  σ=1.1756  z₀ₘ=5.14e-02  k=0.4117  C=2.43e+06  T0=279.28
    Epoch 110/500  loss=57.684452  α=0.2310  σ=1.1777  z₀ₘ=5.14e-02  k=0.4109  C=2.40e+06  T0=279.40
    Epoch 120/500  loss=57.673004  α=0.2309  σ=1.1783  z₀ₘ=5.14e-02  k=0.4107  C=2.41e+06  T0=279.71
    Epoch 130/500  loss=57.641087  α=0.2309  σ=1.1779  z₀ₘ=5.14e-02  k=0.4103  C=2.41e+06  T0=280.16
    Epoch 140/500  loss=57.664238  α=0.2309  σ=1.1777  z₀ₘ=5.13e-02  k=0.4107  C=2.41e+06  T0=280.70
    Epoch 150/500  loss=57.622623  α=0.2309  σ=1.1777  z₀ₘ=5.13e-02  k=0.4101  C=2.40e+06  T0=281.30
    Epoch 160/500  loss=57.589428  α=0.2310  σ=1.1778  z₀ₘ=5.13e-02  k=0.4100  C=2.40e+06  T0=281.91
    Epoch 170/500  loss=57.569717  α=0.2310  σ=1.1778  z₀ₘ=5.13e-02  k=0.4097  C=2.40e+06  T0=282.50
    Epoch 180/500  loss=57.561802  α=0.2310  σ=1.1777  z₀ₘ=5.13e-02  k=0.4096  C=2.40e+06  T0=283.03
    Epoch 190/500  loss=57.562321  α=0.2310  σ=1.1776  z₀ₘ=5.12e-02  k=0.4095  C=2.40e+06  T0=283.49
    Epoch 200/500  loss=57.568096  α=0.2310  σ=1.1778  z₀ₘ=5.12e-02  k=0.4093  C=2.39e+06  T0=283.84
    Epoch 210/500  loss=57.535828  α=0.2310  σ=1.1780  z₀ₘ=5.12e-02  k=0.4092  C=2.39e+06  T0=284.09
    Epoch 220/500  loss=57.539330  α=0.2310  σ=1.1782  z₀ₘ=5.12e-02  k=0.4092  C=2.39e+06  T0=284.24
    Epoch 230/500  loss=57.890320  α=0.2316  σ=1.1815  z₀ₘ=5.11e-02  k=0.3956  C=2.22e+06  T0=284.28
    Epoch 240/500  loss=57.689224  α=0.2308  σ=1.1845  z₀ₘ=5.11e-02  k=0.4111  C=2.49e+06  T0=284.22
    Epoch 250/500  loss=57.540993  α=0.2307  σ=1.1779  z₀ₘ=5.11e-02  k=0.4147  C=2.38e+06  T0=284.10
    Epoch 260/500  loss=57.533451  α=0.2312  σ=1.1766  z₀ₘ=5.10e-02  k=0.4047  C=2.38e+06  T0=283.93
    Epoch 270/500  loss=57.576962  α=0.2306  σ=1.1784  z₀ₘ=5.10e-02  k=0.4129  C=2.45e+06  T0=283.72
    Epoch 280/500  loss=57.553131  α=0.2309  σ=1.1789  z₀ₘ=5.10e-02  k=0.4107  C=2.38e+06  T0=283.50
    Epoch 290/500  loss=57.543045  α=0.2310  σ=1.1794  z₀ₘ=5.09e-02  k=0.4075  C=2.38e+06  T0=283.27
    Epoch 300/500  loss=57.535587  α=0.2308  σ=1.1791  z₀ₘ=5.09e-02  k=0.4101  C=2.41e+06  T0=283.07
    Epoch 310/500  loss=57.527618  α=0.2309  σ=1.1788  z₀ₘ=5.09e-02  k=0.4097  C=2.39e+06  T0=282.90
    Epoch 320/500  loss=57.521301  α=0.2310  σ=1.1789  z₀ₘ=5.09e-02  k=0.4092  C=2.39e+06  T0=282.76
    Epoch 330/500  loss=57.517410  α=0.2309  σ=1.1787  z₀ₘ=5.08e-02  k=0.4095  C=2.40e+06  T0=282.67
    Epoch 340/500  loss=57.512711  α=0.2310  σ=1.1783  z₀ₘ=5.08e-02  k=0.4094  C=2.40e+06  T0=282.60
    Epoch 350/500  loss=57.509228  α=0.2310  σ=1.1780  z₀ₘ=5.08e-02  k=0.4094  C=2.39e+06  T0=282.56
    Epoch 360/500  loss=57.506744  α=0.2310  σ=1.1779  z₀ₘ=5.07e-02  k=0.4095  C=2.40e+06  T0=282.54

  [Early Stop] flat to 3dp (loss≈57.510) for 30 epochs at epoch 364
  [✓] Results saved →  /Users/hsc/Paper📑/Submission/paper-2026-lsm-diff-energy/Experiments/discussion/sigma up limit 1.5 Exp-ALL/1.ALL/Shenshawo/
      Final loss: 57.506115
      Final α=0.2310  σ=1.1779  z₀ₘ=5.07e-02  k=0.4093  C=2.39e+06
