
============================================================
  Experiment: RHS  |  Site: Huazhaizi
============================================================
  Initial params (from estimate):
    α   = 0.2406,  σ = 0.8712,  z₀ₘ = 3.1433e-02
    k   = 0.9857,     C = 1.50e+06
  Spin-up (20 iterations) ...
  Spin-up done.  T0[:4] = [287.06433 287.70132 289.2577  289.8882 ]
  Optimizing (500 epochs) ...
    Epoch   0/500  loss=72.142311  α=0.2506  σ=0.8812  z₀ₘ=2.14e-02  k=1.0857  C=1.66e+06  T0=286.06
    Epoch  10/500  loss=63.718956  α=0.2527  σ=0.9602  z₀ₘ=2.65e-02  k=0.7666  C=1.25e+06  T0=285.14
    Epoch  20/500  loss=56.092888  α=0.2373  σ=1.0458  z₀ₘ=4.19e-02  k=1.0854  C=1.72e+06  T0=284.18
    Epoch  30/500  loss=52.774788  α=0.2381  σ=1.1078  z₀ₘ=4.78e-02  k=0.8440  C=1.39e+06  T0=283.27
    Epoch  40/500  loss=52.055832  α=0.2385  σ=1.1480  z₀ₘ=5.01e-02  k=0.7885  C=1.39e+06  T0=282.42
    Epoch  50/500  loss=51.921936  α=0.2386  σ=1.1624  z₀ₘ=5.10e-02  k=0.7725  C=1.47e+06  T0=281.64
    Epoch  60/500  loss=51.740334  α=0.2393  σ=1.1582  z₀ₘ=5.14e-02  k=0.7146  C=1.49e+06  T0=280.93
    Epoch  70/500  loss=51.526165  α=0.2391  σ=1.1490  z₀ₘ=5.15e-02  k=0.7270  C=1.61e+06  T0=280.29
    Epoch  80/500  loss=51.385231  α=0.2394  σ=1.1401  z₀ₘ=5.15e-02  k=0.6975  C=1.68e+06  T0=279.74
    Epoch  90/500  loss=51.290985  α=0.2393  σ=1.1355  z₀ₘ=5.15e-02  k=0.6759  C=1.78e+06  T0=279.28
    Epoch 100/500  loss=51.220570  α=0.2391  σ=1.1344  z₀ₘ=5.15e-02  k=0.6429  C=1.89e+06  T0=278.90
    Epoch 110/500  loss=51.166286  α=0.2391  σ=1.1350  z₀ₘ=5.15e-02  k=0.5948  C=2.02e+06  T0=278.60
    Epoch 120/500  loss=51.086533  α=0.2390  σ=1.1360  z₀ₘ=5.15e-02  k=0.5360  C=2.24e+06  T0=278.39
    Epoch 130/500  loss=50.919933  α=0.2390  σ=1.1371  z₀ₘ=5.15e-02  k=0.4378  C=2.66e+06  T0=278.25
    Epoch 140/500  loss=50.754944  α=0.2387  σ=1.1388  z₀ₘ=5.15e-02  k=0.3386  C=3.40e+06  T0=278.17
    Epoch 150/500  loss=50.760647  α=0.2387  σ=1.1378  z₀ₘ=5.15e-02  k=0.3480  C=3.26e+06  T0=278.15
    Epoch 160/500  loss=50.771965  α=0.2388  σ=1.1372  z₀ₘ=5.15e-02  k=0.3666  C=3.08e+06  T0=278.20
    Epoch 170/500  loss=50.773415  α=0.2387  σ=1.1381  z₀ₘ=5.15e-02  k=0.3483  C=3.22e+06  T0=278.31
    Epoch 180/500  loss=50.775208  α=0.2387  σ=1.1382  z₀ₘ=5.14e-02  k=0.3506  C=3.18e+06  T0=278.47
    Epoch 190/500  loss=50.773792  α=0.2388  σ=1.1382  z₀ₘ=5.14e-02  k=0.3540  C=3.13e+06  T0=278.68
    Epoch 200/500  loss=50.769287  α=0.2387  σ=1.1383  z₀ₘ=5.14e-02  k=0.3498  C=3.17e+06  T0=278.94
    Epoch 210/500  loss=50.757187  α=0.2388  σ=1.1380  z₀ₘ=5.14e-02  k=0.3519  C=3.15e+06  T0=279.25
    Epoch 220/500  loss=50.740669  α=0.2388  σ=1.1376  z₀ₘ=5.14e-02  k=0.3536  C=3.15e+06  T0=279.59
    Epoch 230/500  loss=50.715759  α=0.2387  σ=1.1371  z₀ₘ=5.14e-02  k=0.3549  C=3.16e+06  T0=279.98
    Epoch 240/500  loss=50.688553  α=0.2387  σ=1.1364  z₀ₘ=5.14e-02  k=0.3578  C=3.16e+06  T0=280.39
    Epoch 250/500  loss=50.655022  α=0.2387  σ=1.1358  z₀ₘ=5.14e-02  k=0.3599  C=3.16e+06  T0=280.83
    Epoch 260/500  loss=50.619659  α=0.2388  σ=1.1353  z₀ₘ=5.13e-02  k=0.3624  C=3.16e+06  T0=281.29
    Epoch 270/500  loss=50.583488  α=0.2388  σ=1.1348  z₀ₘ=5.13e-02  k=0.3652  C=3.16e+06  T0=281.76
    Epoch 280/500  loss=50.551231  α=0.2388  σ=1.1343  z₀ₘ=5.13e-02  k=0.3678  C=3.17e+06  T0=282.22
    Epoch 290/500  loss=50.517586  α=0.2388  σ=1.1339  z₀ₘ=5.13e-02  k=0.3705  C=3.17e+06  T0=282.68
    Epoch 300/500  loss=50.481354  α=0.2389  σ=1.1335  z₀ₘ=5.13e-02  k=0.3710  C=3.18e+06  T0=283.13
    Epoch 310/500  loss=50.450745  α=0.2389  σ=1.1330  z₀ₘ=5.13e-02  k=0.3744  C=3.19e+06  T0=283.55
    Epoch 320/500  loss=50.424927  α=0.2388  σ=1.1326  z₀ₘ=5.13e-02  k=0.3780  C=3.20e+06  T0=283.94
    Epoch 330/500  loss=50.398300  α=0.2389  σ=1.1323  z₀ₘ=5.12e-02  k=0.3786  C=3.21e+06  T0=284.29
    Epoch 340/500  loss=50.374916  α=0.2389  σ=1.1323  z₀ₘ=5.12e-02  k=0.3809  C=3.21e+06  T0=284.59
    Epoch 350/500  loss=50.353027  α=0.2389  σ=1.1324  z₀ₘ=5.12e-02  k=0.3820  C=3.23e+06  T0=284.84
    Epoch 360/500  loss=50.331932  α=0.2390  σ=1.1325  z₀ₘ=5.12e-02  k=0.3827  C=3.23e+06  T0=285.03
    Epoch 370/500  loss=50.319439  α=0.2390  σ=1.1326  z₀ₘ=5.12e-02  k=0.3834  C=3.25e+06  T0=285.16
    Epoch 380/500  loss=50.298882  α=0.2390  σ=1.1326  z₀ₘ=5.12e-02  k=0.3840  C=3.26e+06  T0=285.24
    Epoch 390/500  loss=50.279404  α=0.2390  σ=1.1326  z₀ₘ=5.11e-02  k=0.3846  C=3.27e+06  T0=285.27
    Epoch 400/500  loss=50.260513  α=0.2390  σ=1.1326  z₀ₘ=5.11e-02  k=0.3845  C=3.28e+06  T0=285.24
    Epoch 410/500  loss=50.235012  α=0.2390  σ=1.1327  z₀ₘ=5.11e-02  k=0.3845  C=3.30e+06  T0=285.18
    Epoch 420/500  loss=50.219772  α=0.2390  σ=1.1327  z₀ₘ=5.11e-02  k=0.3844  C=3.31e+06  T0=285.08
    Epoch 430/500  loss=50.202072  α=0.2390  σ=1.1327  z₀ₘ=5.11e-02  k=0.3847  C=3.32e+06  T0=284.96
    Epoch 440/500  loss=50.187786  α=0.2391  σ=1.1326  z₀ₘ=5.11e-02  k=0.3843  C=3.34e+06  T0=284.83
    Epoch 450/500  loss=50.176392  α=0.2391  σ=1.1326  z₀ₘ=5.10e-02  k=0.3842  C=3.35e+06  T0=284.69
    Epoch 460/500  loss=50.166626  α=0.2391  σ=1.1327  z₀ₘ=5.10e-02  k=0.3841  C=3.36e+06  T0=284.55
    Epoch 470/500  loss=50.158916  α=0.2391  σ=1.1327  z₀ₘ=5.10e-02  k=0.3838  C=3.36e+06  T0=284.42
    Epoch 480/500  loss=50.154762  α=0.2390  σ=1.1332  z₀ₘ=5.10e-02  k=0.3844  C=3.38e+06  T0=284.31
    Epoch 490/500  loss=50.149635  α=0.2392  σ=1.1330  z₀ₘ=5.10e-02  k=0.3796  C=3.36e+06  T0=284.22
    Epoch 499/500  loss=50.145760  α=0.2391  σ=1.1331  z₀ₘ=5.10e-02  k=0.3825  C=3.40e+06  T0=284.22
  [✓] Results saved →  /Users/hsc/Paper📑/Submission/paper-2026-lsm-diff-energy/Experiments/discussion/sigma up limit 1.5 Exp-ALL/3.RHS/Huazhaizi/
      Final loss: 50.145760
      Final α=0.2391  σ=1.1331  z₀ₘ=5.10e-02  k=0.3825  C=3.40e+06
