
============================================================
  Experiment: RHS  |  Site: Shenshawo
============================================================
  Initial params (from estimate):
    α   = 0.2339,  σ = 0.8537,  z₀ₘ = 7.1765e-02
    k   = 0.4319,     C = 3.21e+06
  Spin-up (20 iterations) ...
  Spin-up done.  T0[:4] = [279.94907 281.59296 284.33185 283.5322 ]
  Optimizing (500 epochs) ...
    Epoch   0/500  loss=68.161301  α=0.2439  σ=0.8637  z₀ₘ=6.18e-02  k=0.5319  C=3.55e+06  T0=278.95
    Epoch  10/500  loss=48.701382  α=0.2254  σ=0.9527  z₀ₘ=1.32e-02  k=0.5666  C=3.83e+06  T0=279.25
    Epoch  20/500  loss=47.334259  α=0.2258  σ=1.0391  z₀ₘ=3.65e-02  k=0.5232  C=3.62e+06  T0=279.91
    Epoch  30/500  loss=45.379528  α=0.2245  σ=1.1081  z₀ₘ=4.55e-02  k=0.4918  C=3.77e+06  T0=280.71
    Epoch  40/500  loss=43.599319  α=0.2281  σ=1.1572  z₀ₘ=4.90e-02  k=0.3649  C=3.28e+06  T0=281.58
    Epoch  50/500  loss=43.206490  α=0.2290  σ=1.1943  z₀ₘ=5.04e-02  k=0.3329  C=2.93e+06  T0=282.48
    Epoch  60/500  loss=43.181015  α=0.2280  σ=1.2078  z₀ₘ=5.09e-02  k=0.3675  C=2.87e+06  T0=283.38
    Epoch  70/500  loss=43.120186  α=0.2275  σ=1.2033  z₀ₘ=5.11e-02  k=0.3733  C=2.93e+06  T0=284.22
    Epoch  80/500  loss=43.052498  α=0.2273  σ=1.1955  z₀ₘ=5.11e-02  k=0.3657  C=3.00e+06  T0=284.98
    Epoch  90/500  loss=43.042419  α=0.2272  σ=1.1928  z₀ₘ=5.11e-02  k=0.3602  C=3.04e+06  T0=285.61
    Epoch 100/500  loss=43.051567  α=0.2271  σ=1.1945  z₀ₘ=5.11e-02  k=0.3590  C=3.03e+06  T0=286.11
    Epoch 110/500  loss=43.071655  α=0.2271  σ=1.1967  z₀ₘ=5.11e-02  k=0.3599  C=3.01e+06  T0=286.44
    Epoch 120/500  loss=43.082741  α=0.2270  σ=1.1974  z₀ₘ=5.10e-02  k=0.3602  C=3.00e+06  T0=286.61
    Epoch 130/500  loss=43.090118  α=0.2269  σ=1.1972  z₀ₘ=5.10e-02  k=0.3600  C=3.01e+06  T0=286.63
    Epoch 140/500  loss=43.092464  α=0.2268  σ=1.1971  z₀ₘ=5.10e-02  k=0.3602  C=3.02e+06  T0=286.52
    Epoch 150/500  loss=43.087761  α=0.2267  σ=1.1972  z₀ₘ=5.09e-02  k=0.3607  C=3.02e+06  T0=286.30
    Epoch 160/500  loss=43.076256  α=0.2267  σ=1.1973  z₀ₘ=5.09e-02  k=0.3611  C=3.02e+06  T0=285.99
    Epoch 170/500  loss=43.059525  α=0.2267  σ=1.1973  z₀ₘ=5.08e-02  k=0.3615  C=3.02e+06  T0=285.61
    Epoch 180/500  loss=43.038300  α=0.2267  σ=1.1973  z₀ₘ=5.08e-02  k=0.3617  C=3.02e+06  T0=285.17
    Epoch 190/500  loss=43.016415  α=0.2267  σ=1.1972  z₀ₘ=5.08e-02  k=0.3618  C=3.01e+06  T0=284.70
    Epoch 200/500  loss=42.993340  α=0.2268  σ=1.1971  z₀ₘ=5.07e-02  k=0.3619  C=3.01e+06  T0=284.20
    Epoch 210/500  loss=42.972572  α=0.2268  σ=1.1970  z₀ₘ=5.07e-02  k=0.3622  C=3.00e+06  T0=283.70
    Epoch 220/500  loss=42.950867  α=0.2269  σ=1.1969  z₀ₘ=5.06e-02  k=0.3626  C=3.00e+06  T0=283.20
    Epoch 230/500  loss=42.935101  α=0.2270  σ=1.1967  z₀ₘ=5.06e-02  k=0.3630  C=2.99e+06  T0=282.71
    Epoch 240/500  loss=42.921463  α=0.2270  σ=1.1966  z₀ₘ=5.05e-02  k=0.3633  C=2.98e+06  T0=282.26
    Epoch 250/500  loss=42.919579  α=0.2271  σ=1.1966  z₀ₘ=5.05e-02  k=0.3636  C=2.98e+06  T0=281.84
    Epoch 260/500  loss=42.915764  α=0.2272  σ=1.1965  z₀ₘ=5.04e-02  k=0.3640  C=2.97e+06  T0=281.48
    Epoch 270/500  loss=42.910862  α=0.2272  σ=1.1964  z₀ₘ=5.04e-02  k=0.3645  C=2.96e+06  T0=281.19
    Epoch 280/500  loss=42.907516  α=0.2273  σ=1.1963  z₀ₘ=5.03e-02  k=0.3648  C=2.96e+06  T0=280.98
    Epoch 290/500  loss=42.904175  α=0.2274  σ=1.1963  z₀ₘ=5.03e-02  k=0.3650  C=2.96e+06  T0=280.85
    Epoch 300/500  loss=42.898285  α=0.2274  σ=1.1962  z₀ₘ=5.02e-02  k=0.3650  C=2.96e+06  T0=280.80
    Epoch 310/500  loss=42.889549  α=0.2274  σ=1.1961  z₀ₘ=5.01e-02  k=0.3649  C=2.96e+06  T0=280.82
    Epoch 320/500  loss=42.885971  α=0.2274  σ=1.1961  z₀ₘ=5.01e-02  k=0.3646  C=2.96e+06  T0=280.90
    Epoch 330/500  loss=42.877251  α=0.2273  σ=1.1961  z₀ₘ=5.00e-02  k=0.3643  C=2.96e+06  T0=281.01
    Epoch 340/500  loss=42.873344  α=0.2273  σ=1.1961  z₀ₘ=5.00e-02  k=0.3643  C=2.96e+06  T0=281.01
    Epoch 350/500  loss=42.873344  α=0.2273  σ=1.1961  z₀ₘ=5.00e-02  k=0.3643  C=2.96e+06  T0=281.01
    Epoch 360/500  loss=42.873344  α=0.2273  σ=1.1961  z₀ₘ=5.00e-02  k=0.3643  C=2.96e+06  T0=281.01

  [Early Stop] plateau (best_loss=42.873344) for 30 epochs at epoch 362
  [✓] Results saved →  /Users/hsc/Paper📑/Submission/paper-2026-lsm-diff-energy/Experiments/discussion/sigma up limit 1.5 Exp-ALL/3.RHS/Shenshawo/
      Final loss: 42.873344
      Final α=0.2273  σ=1.1961  z₀ₘ=5.00e-02  k=0.3643  C=2.96e+06
