
============================================================
  Experiment: RSL  |  Site: Huazhaizi
============================================================
  Initial params (from estimate):
    α   = 0.2406,  σ = 0.8712,  z₀ₘ = 3.1433e-02
    k   = 0.9857,     C = 1.50e+06
  Spin-up (20 iterations) ...
  Spin-up done.  T0[:4] = [287.06433 287.70132 289.2577  289.8882 ]
  Optimizing (500 epochs) ...
    Epoch   0/500  loss=37.808880  α=0.2306  σ=0.8812  z₀ₘ=2.14e-02  k=0.8857  C=1.36e+06  T0=286.06
    Epoch  10/500  loss=26.275572  α=0.2346  σ=0.9584  z₀ₘ=2.65e-02  k=0.2386  C=7.26e+05  T0=285.08
    Epoch  20/500  loss=23.461485  α=0.2359  σ=0.9990  z₀ₘ=4.19e-02  k=0.3439  C=6.19e+05  T0=284.09
    Epoch  30/500  loss=23.343243  α=0.2368  σ=0.9990  z₀ₘ=4.78e-02  k=0.2536  C=5.21e+05  T0=283.10
    Epoch  40/500  loss=23.304764  α=0.2376  σ=0.9990  z₀ₘ=5.01e-02  k=0.3034  C=5.40e+05  T0=282.12
    Epoch  50/500  loss=23.226736  α=0.2383  σ=0.9990  z₀ₘ=5.10e-02  k=0.2470  C=5.54e+05  T0=281.15
    Epoch  60/500  loss=23.180613  α=0.2385  σ=0.9990  z₀ₘ=5.14e-02  k=0.2577  C=6.05e+05  T0=280.17
    Epoch  70/500  loss=23.125103  α=0.2382  σ=0.9990  z₀ₘ=5.15e-02  k=0.2352  C=6.45e+05  T0=279.20
    Epoch  80/500  loss=23.082174  α=0.2380  σ=0.9990  z₀ₘ=5.15e-02  k=0.2210  C=6.74e+05  T0=278.23
    Epoch  90/500  loss=23.044271  α=0.2381  σ=0.9990  z₀ₘ=5.15e-02  k=0.2178  C=6.86e+05  T0=277.27
    Epoch 100/500  loss=23.017509  α=0.2381  σ=0.9990  z₀ₘ=5.15e-02  k=0.2181  C=6.83e+05  T0=276.30
    Epoch 110/500  loss=22.981421  α=0.2381  σ=0.9990  z₀ₘ=5.15e-02  k=0.2187  C=6.75e+05  T0=275.35
    Epoch 120/500  loss=22.946476  α=0.2381  σ=0.9990  z₀ₘ=5.15e-02  k=0.2184  C=6.70e+05  T0=274.40
    Epoch 130/500  loss=22.910686  α=0.2381  σ=0.9990  z₀ₘ=5.15e-02  k=0.2168  C=6.69e+05  T0=273.45
    Epoch 140/500  loss=22.878256  α=0.2381  σ=0.9990  z₀ₘ=5.15e-02  k=0.2143  C=6.71e+05  T0=272.51
    Epoch 150/500  loss=22.848694  α=0.2381  σ=0.9990  z₀ₘ=5.15e-02  k=0.2109  C=6.74e+05  T0=271.60
    Epoch 160/500  loss=22.826441  α=0.2381  σ=0.9990  z₀ₘ=5.15e-02  k=0.2101  C=6.70e+05  T0=270.81
    Epoch 170/500  loss=22.803383  α=0.2381  σ=0.9990  z₀ₘ=5.15e-02  k=0.2100  C=6.59e+05  T0=270.23
    Epoch 180/500  loss=22.783850  α=0.2381  σ=0.9990  z₀ₘ=5.15e-02  k=0.2092  C=6.51e+05  T0=269.85
    Epoch 190/500  loss=22.765579  α=0.2381  σ=0.9990  z₀ₘ=5.15e-02  k=0.2075  C=6.49e+05  T0=269.67
    Epoch 200/500  loss=22.746553  α=0.2381  σ=0.9990  z₀ₘ=5.15e-02  k=0.2049  C=6.51e+05  T0=269.67
    Epoch 210/500  loss=22.728886  α=0.2381  σ=0.9990  z₀ₘ=5.15e-02  k=0.2027  C=6.52e+05  T0=269.82
    Epoch 220/500  loss=22.709463  α=0.2381  σ=0.9990  z₀ₘ=5.15e-02  k=0.1999  C=6.57e+05  T0=270.10
    Epoch 230/500  loss=22.689837  α=0.2381  σ=0.9990  z₀ₘ=5.15e-02  k=0.1970  C=6.61e+05  T0=270.48
    Epoch 240/500  loss=22.671535  α=0.2381  σ=0.9990  z₀ₘ=5.15e-02  k=0.1952  C=6.60e+05  T0=270.94
    Epoch 250/500  loss=22.646414  α=0.2381  σ=0.9990  z₀ₘ=5.15e-02  k=0.1922  C=6.64e+05  T0=271.46
    Epoch 260/500  loss=22.630367  α=0.2381  σ=0.9990  z₀ₘ=5.15e-02  k=0.1900  C=6.70e+05  T0=272.03
    Epoch 270/500  loss=22.611385  α=0.2381  σ=0.9990  z₀ₘ=5.15e-02  k=0.1881  C=6.69e+05  T0=272.63
    Epoch 280/500  loss=22.592422  α=0.2381  σ=0.9990  z₀ₘ=5.15e-02  k=0.1867  C=6.66e+05  T0=273.26
    Epoch 290/500  loss=22.577023  α=0.2381  σ=0.9990  z₀ₘ=5.15e-02  k=0.1850  C=6.68e+05  T0=273.85
    Epoch 300/500  loss=22.562716  α=0.2381  σ=0.9990  z₀ₘ=5.14e-02  k=0.1825  C=6.71e+05  T0=274.35
    Epoch 310/500  loss=22.548836  α=0.2381  σ=0.9990  z₀ₘ=5.14e-02  k=0.1812  C=6.71e+05  T0=274.80
    Epoch 320/500  loss=22.539690  α=0.2381  σ=0.9990  z₀ₘ=5.14e-02  k=0.1804  C=6.71e+05  T0=275.10
    Epoch 330/500  loss=22.529949  α=0.2381  σ=0.9990  z₀ₘ=5.14e-02  k=0.1792  C=6.70e+05  T0=275.27
    Epoch 340/500  loss=22.518450  α=0.2382  σ=0.9990  z₀ₘ=5.14e-02  k=0.1790  C=6.66e+05  T0=275.34
    Epoch 350/500  loss=22.507523  α=0.2382  σ=0.9990  z₀ₘ=5.14e-02  k=0.1791  C=6.62e+05  T0=275.32
    Epoch 360/500  loss=22.496313  α=0.2382  σ=0.9990  z₀ₘ=5.14e-02  k=0.1789  C=6.59e+05  T0=275.25
    Epoch 370/500  loss=22.485689  α=0.2382  σ=0.9990  z₀ₘ=5.14e-02  k=0.1781  C=6.56e+05  T0=275.12
    Epoch 380/500  loss=22.473906  α=0.2382  σ=0.9990  z₀ₘ=5.14e-02  k=0.1777  C=6.52e+05  T0=274.95
    Epoch 390/500  loss=22.462683  α=0.2382  σ=0.9990  z₀ₘ=5.14e-02  k=0.1780  C=6.49e+05  T0=274.75
    Epoch 400/500  loss=22.452150  α=0.2382  σ=0.9990  z₀ₘ=5.14e-02  k=0.1781  C=6.45e+05  T0=274.53
    Epoch 410/500  loss=22.441242  α=0.2382  σ=0.9990  z₀ₘ=5.14e-02  k=0.1782  C=6.42e+05  T0=274.30
    Epoch 420/500  loss=22.431568  α=0.2382  σ=0.9990  z₀ₘ=5.14e-02  k=0.1783  C=6.37e+05  T0=274.08
    Epoch 430/500  loss=22.421900  α=0.2382  σ=0.9990  z₀ₘ=5.13e-02  k=0.1785  C=6.33e+05  T0=273.88
    Epoch 440/500  loss=22.411938  α=0.2382  σ=0.9990  z₀ₘ=5.13e-02  k=0.1788  C=6.28e+05  T0=273.72
    Epoch 450/500  loss=22.402906  α=0.2382  σ=0.9990  z₀ₘ=5.13e-02  k=0.1790  C=6.24e+05  T0=273.61
    Epoch 460/500  loss=22.394434  α=0.2382  σ=0.9990  z₀ₘ=5.13e-02  k=0.1791  C=6.20e+05  T0=273.58
    Epoch 470/500  loss=22.385290  α=0.2382  σ=0.9990  z₀ₘ=5.13e-02  k=0.1788  C=6.16e+05  T0=273.62
    Epoch 480/500  loss=22.375998  α=0.2382  σ=0.9990  z₀ₘ=5.13e-02  k=0.1783  C=6.13e+05  T0=273.72
    Epoch 490/500  loss=22.366375  α=0.2382  σ=0.9990  z₀ₘ=5.13e-02  k=0.1773  C=6.11e+05  T0=273.85
    Epoch 499/500  loss=22.357595  α=0.2382  σ=0.9990  z₀ₘ=5.13e-02  k=0.1775  C=6.09e+05  T0=273.85
  [✓] Results saved →  /Users/hsc/Paper📑/Submission/paper-2026-lsm-diff-energy/Experiments/parameters_optimization_expriments/2.RSL/Huazhaizi/
      Final loss: 22.357595
      Final α=0.2382  σ=0.9990  z₀ₘ=5.13e-02  k=0.1775  C=6.09e+05
