
============================================================
  Experiment: RHT  |  Site: Shenshawo
============================================================
  Initial params (from estimate):
    α   = 0.2339,  σ = 0.8537,  z₀ₘ = 7.1765e-02
    k   = 0.4319,     C = 3.21e+06
  Spin-up (20 iterations) ...
  Spin-up done.  T0[:4] = [279.94907 281.59296 284.33185 283.5322 ]
  Optimizing (500 epochs) ...
    Epoch   0/500  loss=73.887039  α=0.2439  σ=0.8637  z₀ₘ=6.18e-02  k=0.5319  C=3.55e+06  T0=280.95
    Epoch  10/500  loss=54.572777  α=0.2245  σ=0.9526  z₀ₘ=1.32e-02  k=0.5813  C=3.94e+06  T0=281.84
    Epoch  20/500  loss=55.173199  α=0.2265  σ=0.9990  z₀ₘ=3.65e-02  k=0.5414  C=3.82e+06  T0=282.77
    Epoch  30/500  loss=55.222084  α=0.2242  σ=0.9990  z₀ₘ=4.55e-02  k=0.6236  C=4.51e+06  T0=283.68
    Epoch  40/500  loss=54.748337  α=0.2271  σ=0.9990  z₀ₘ=4.90e-02  k=0.5032  C=4.58e+06  T0=284.52
    Epoch  50/500  loss=54.585060  α=0.2272  σ=0.9990  z₀ₘ=5.04e-02  k=0.5099  C=4.93e+06  T0=285.05
    Epoch  60/500  loss=54.455788  α=0.2281  σ=0.9990  z₀ₘ=5.09e-02  k=0.5207  C=4.86e+06  T0=285.18
    Epoch  70/500  loss=54.389977  α=0.2288  σ=0.9990  z₀ₘ=5.11e-02  k=0.5033  C=4.81e+06  T0=285.07
    Epoch  80/500  loss=54.335281  α=0.2283  σ=0.9990  z₀ₘ=5.12e-02  k=0.5039  C=4.95e+06  T0=284.82
    Epoch  90/500  loss=54.288715  α=0.2284  σ=0.9990  z₀ₘ=5.12e-02  k=0.4971  C=5.02e+06  T0=284.54
    Epoch 100/500  loss=54.285099  α=0.2293  σ=0.9990  z₀ₘ=5.12e-02  k=0.4811  C=4.92e+06  T0=284.34
    Epoch 110/500  loss=54.277836  α=0.2286  σ=0.9990  z₀ₘ=5.12e-02  k=0.4982  C=5.05e+06  T0=284.23
    Epoch 120/500  loss=54.311172  α=0.2286  σ=0.9990  z₀ₘ=5.12e-02  k=0.5046  C=5.08e+06  T0=284.23
    Epoch 130/500  loss=54.311172  α=0.2286  σ=0.9990  z₀ₘ=5.12e-02  k=0.5046  C=5.08e+06  T0=284.23
    Epoch 140/500  loss=54.311172  α=0.2286  σ=0.9990  z₀ₘ=5.12e-02  k=0.5046  C=5.08e+06  T0=284.23

  [Early Stop] flat to 3dp (loss≈54.310) for 30 epochs at epoch 146
  [✓] Results saved →  /Users/hsc/Paper📑/Submission/paper-2026-lsm-diff-energy/Experiments/parameters_optimization_expriments/4.RHT/Shenshawo/
      Final loss: 54.311172
      Final α=0.2286  σ=0.9990  z₀ₘ=5.12e-02  k=0.5046  C=5.08e+06
