
============================================================
  Experiment: ALL  |  Site: Huazhaizi
============================================================
  Initial params (from estimate):
    α   = 0.2406,  σ = 0.8712,  z₀ₘ = 3.1433e-02
    k   = 0.9857,     C = 1.50e+06
  Spin-up (20 iterations) ...
  Spin-up done.  T0[:4] = [287.06433 287.70132 289.2577  289.8882 ]
  Optimizing (500 epochs) ...
    Epoch   0/500  loss=109.689102  α=0.2506  σ=0.8812  z₀ₘ=2.14e-02  k=0.8857  C=1.66e+06  T0=286.06
    Epoch  10/500  loss=84.033348  α=0.2503  σ=0.9627  z₀ₘ=2.65e-02  k=0.3025  C=2.61e+06  T0=285.13
    Epoch  20/500  loss=74.966515  α=0.2439  σ=0.9990  z₀ₘ=4.19e-02  k=0.5481  C=2.97e+06  T0=284.17
    Epoch  30/500  loss=72.221069  α=0.2433  σ=0.9990  z₀ₘ=4.78e-02  k=0.4080  C=2.60e+06  T0=283.26
    Epoch  40/500  loss=70.745338  α=0.2419  σ=0.9990  z₀ₘ=5.01e-02  k=0.4434  C=2.75e+06  T0=282.37
    Epoch  50/500  loss=69.905014  α=0.2420  σ=0.9990  z₀ₘ=5.10e-02  k=0.4645  C=2.74e+06  T0=281.55
    Epoch  60/500  loss=69.180023  α=0.2422  σ=0.9990  z₀ₘ=5.14e-02  k=0.4375  C=2.63e+06  T0=280.79
    Epoch  70/500  loss=68.697556  α=0.2419  σ=0.9990  z₀ₘ=5.15e-02  k=0.4419  C=2.74e+06  T0=280.12
    Epoch  80/500  loss=68.412018  α=0.2419  σ=0.9990  z₀ₘ=5.15e-02  k=0.4346  C=2.58e+06  T0=279.53
    Epoch  90/500  loss=68.303238  α=0.2415  σ=0.9990  z₀ₘ=5.16e-02  k=0.4361  C=2.58e+06  T0=279.03
    Epoch 100/500  loss=68.314301  α=0.2416  σ=0.9990  z₀ₘ=5.16e-02  k=0.4310  C=2.52e+06  T0=278.62
    Epoch 110/500  loss=68.398361  α=0.2416  σ=0.9990  z₀ₘ=5.16e-02  k=0.4292  C=2.50e+06  T0=278.30
    Epoch 120/500  loss=68.510918  α=0.2416  σ=0.9990  z₀ₘ=5.16e-02  k=0.4266  C=2.47e+06  T0=278.05
    Epoch 130/500  loss=68.609177  α=0.2416  σ=0.9990  z₀ₘ=5.16e-02  k=0.4253  C=2.46e+06  T0=277.88
    Epoch 140/500  loss=68.687943  α=0.2416  σ=0.9990  z₀ₘ=5.16e-02  k=0.4244  C=2.46e+06  T0=277.77
    Epoch 150/500  loss=68.721886  α=0.2416  σ=0.9990  z₀ₘ=5.16e-02  k=0.4244  C=2.46e+06  T0=277.72
    Epoch 160/500  loss=68.723228  α=0.2416  σ=0.9990  z₀ₘ=5.15e-02  k=0.4247  C=2.46e+06  T0=277.72
    Epoch 170/500  loss=68.676292  α=0.2416  σ=0.9990  z₀ₘ=5.15e-02  k=0.4257  C=2.48e+06  T0=277.79
    Epoch 180/500  loss=68.594337  α=0.2416  σ=0.9990  z₀ₘ=5.15e-02  k=0.4272  C=2.49e+06  T0=277.91
    Epoch 190/500  loss=68.494743  α=0.2416  σ=0.9990  z₀ₘ=5.15e-02  k=0.4290  C=2.51e+06  T0=278.09
    Epoch 200/500  loss=68.380821  α=0.2416  σ=0.9990  z₀ₘ=5.15e-02  k=0.4312  C=2.54e+06  T0=278.32
    Epoch 210/500  loss=68.269547  α=0.2416  σ=0.9990  z₀ₘ=5.15e-02  k=0.4336  C=2.56e+06  T0=278.60
    Epoch 220/500  loss=68.166351  α=0.2416  σ=0.9990  z₀ₘ=5.15e-02  k=0.4360  C=2.59e+06  T0=278.94
    Epoch 230/500  loss=68.085609  α=0.2416  σ=0.9990  z₀ₘ=5.15e-02  k=0.4385  C=2.63e+06  T0=279.32
    Epoch 240/500  loss=68.022568  α=0.2416  σ=0.9990  z₀ₘ=5.15e-02  k=0.4408  C=2.66e+06  T0=279.75
    Epoch 250/500  loss=67.995468  α=0.2416  σ=0.9990  z₀ₘ=5.15e-02  k=0.4432  C=2.69e+06  T0=280.22
    Epoch 260/500  loss=67.981110  α=0.2416  σ=0.9990  z₀ₘ=5.15e-02  k=0.4452  C=2.72e+06  T0=280.72
    Epoch 270/500  loss=67.985664  α=0.2416  σ=0.9990  z₀ₘ=5.15e-02  k=0.4471  C=2.75e+06  T0=281.24
    Epoch 280/500  loss=68.002777  α=0.2416  σ=0.9990  z₀ₘ=5.15e-02  k=0.4484  C=2.77e+06  T0=281.77
    Epoch 290/500  loss=68.027107  α=0.2416  σ=0.9990  z₀ₘ=5.15e-02  k=0.4495  C=2.79e+06  T0=282.30
    Epoch 300/500  loss=68.051895  α=0.2416  σ=0.9990  z₀ₘ=5.15e-02  k=0.4503  C=2.80e+06  T0=282.81
    Epoch 310/500  loss=68.069679  α=0.2416  σ=0.9990  z₀ₘ=5.15e-02  k=0.4507  C=2.81e+06  T0=283.29
    Epoch 320/500  loss=68.077202  α=0.2416  σ=0.9990  z₀ₘ=5.15e-02  k=0.4509  C=2.81e+06  T0=283.72
    Epoch 330/500  loss=68.077042  α=0.2416  σ=0.9990  z₀ₘ=5.15e-02  k=0.4508  C=2.81e+06  T0=284.09
    Epoch 340/500  loss=68.066231  α=0.2416  σ=0.9990  z₀ₘ=5.15e-02  k=0.4505  C=2.80e+06  T0=284.39
    Epoch 350/500  loss=68.044327  α=0.2416  σ=0.9990  z₀ₘ=5.14e-02  k=0.4499  C=2.79e+06  T0=284.63
    Epoch 360/500  loss=68.016136  α=0.2416  σ=0.9990  z₀ₘ=5.14e-02  k=0.4492  C=2.78e+06  T0=284.79
    Epoch 370/500  loss=67.988632  α=0.2416  σ=0.9990  z₀ₘ=5.14e-02  k=0.4482  C=2.76e+06  T0=284.88
    Epoch 380/500  loss=67.960052  α=0.2417  σ=0.9990  z₀ₘ=5.14e-02  k=0.4472  C=2.75e+06  T0=284.91
    Epoch 390/500  loss=67.934784  α=0.2417  σ=0.9990  z₀ₘ=5.14e-02  k=0.4460  C=2.73e+06  T0=284.89
    Epoch 400/500  loss=67.915611  α=0.2417  σ=0.9990  z₀ₘ=5.14e-02  k=0.4448  C=2.71e+06  T0=284.83
    Epoch 410/500  loss=67.904076  α=0.2417  σ=0.9990  z₀ₘ=5.14e-02  k=0.4436  C=2.70e+06  T0=284.74
    Epoch 420/500  loss=67.898911  α=0.2417  σ=0.9990  z₀ₘ=5.14e-02  k=0.4425  C=2.68e+06  T0=284.63
    Epoch 430/500  loss=67.894760  α=0.2417  σ=0.9990  z₀ₘ=5.14e-02  k=0.4415  C=2.67e+06  T0=284.52
    Epoch 440/500  loss=67.898697  α=0.2417  σ=0.9990  z₀ₘ=5.14e-02  k=0.4405  C=2.65e+06  T0=284.42
    Epoch 450/500  loss=67.905418  α=0.2417  σ=0.9990  z₀ₘ=5.14e-02  k=0.4397  C=2.64e+06  T0=284.34
    Epoch 460/500  loss=67.911308  α=0.2417  σ=0.9990  z₀ₘ=5.14e-02  k=0.4392  C=2.64e+06  T0=284.28
    Epoch 470/500  loss=67.915543  α=0.2417  σ=0.9990  z₀ₘ=5.14e-02  k=0.4388  C=2.63e+06  T0=284.25
    Epoch 480/500  loss=67.917282  α=0.2417  σ=0.9990  z₀ₘ=5.14e-02  k=0.4386  C=2.63e+06  T0=284.26
    Epoch 490/500  loss=67.916382  α=0.2416  σ=0.9990  z₀ₘ=5.13e-02  k=0.4385  C=2.63e+06  T0=284.29
    Epoch 499/500  loss=67.912918  α=0.2416  σ=0.9990  z₀ₘ=5.13e-02  k=0.4388  C=2.63e+06  T0=284.29
  [✓] Results saved →  /Users/hsc/Paper📑/Submission/paper-2026-lsm-diff-energy/Experiments/parameters_optimization_expriments/1.ALL/Huazhaizi/
      Final loss: 67.912918
      Final α=0.2416  σ=0.9990  z₀ₘ=5.13e-02  k=0.4388  C=2.63e+06
