
============================================================
  Experiment: RSL  |  Site: Shenshawo
============================================================
  Initial params (from estimate):
    α   = 0.2339,  σ = 0.8537,  z₀ₘ = 7.1765e-02
    k   = 0.4319,     C = 3.21e+06
  Spin-up (20 iterations) ...
  Spin-up done.  T0[:4] = [279.94907 281.59296 284.33185 283.5322 ]
  Optimizing (500 epochs) ...
    Epoch   0/500  loss=33.746872  α=0.2239  σ=0.8637  z₀ₘ=8.18e-02  k=0.3319  C=2.91e+06  T0=280.95
    Epoch  10/500  loss=22.848713  α=0.2231  σ=0.9637  z₀ₘ=1.65e-01  k=0.3593  C=1.45e+06  T0=280.28
    Epoch  20/500  loss=18.967747  α=0.2250  σ=0.9990  z₀ₘ=2.33e-01  k=0.5001  C=1.17e+06  T0=279.75
    Epoch  30/500  loss=18.113058  α=0.2251  σ=0.9990  z₀ₘ=3.11e-01  k=0.5444  C=9.15e+05  T0=279.33
    Epoch  40/500  loss=17.444691  α=0.2246  σ=0.9990  z₀ₘ=3.88e-01  k=0.5263  C=7.58e+05  T0=279.05
    Epoch  50/500  loss=16.842974  α=0.2241  σ=0.9990  z₀ₘ=4.63e-01  k=0.6066  C=7.60e+05  T0=278.83
    Epoch  60/500  loss=16.355846  α=0.2233  σ=0.9990  z₀ₘ=5.35e-01  k=0.6301  C=6.79e+05  T0=278.67
    Epoch  70/500  loss=15.949108  α=0.2235  σ=0.9990  z₀ₘ=6.02e-01  k=0.6556  C=5.99e+05  T0=278.55
    Epoch  80/500  loss=15.595766  α=0.2237  σ=0.9990  z₀ₘ=6.61e-01  k=0.6547  C=5.80e+05  T0=278.48
    Epoch  90/500  loss=15.371298  α=0.2237  σ=0.9990  z₀ₘ=7.12e-01  k=0.6339  C=5.97e+05  T0=278.44
    Epoch 100/500  loss=15.126369  α=0.2237  σ=0.9990  z₀ₘ=7.59e-01  k=0.6017  C=6.02e+05  T0=278.43
    Epoch 110/500  loss=14.905663  α=0.2241  σ=0.9990  z₀ₘ=8.04e-01  k=0.5769  C=6.54e+05  T0=278.44
    Epoch 120/500  loss=14.721182  α=0.2236  σ=0.9990  z₀ₘ=8.46e-01  k=0.5107  C=6.70e+05  T0=278.48
    Epoch 130/500  loss=14.565475  α=0.2237  σ=0.9990  z₀ₘ=8.86e-01  k=0.5194  C=6.65e+05  T0=278.53
    Epoch 140/500  loss=14.439594  α=0.2238  σ=0.9990  z₀ₘ=9.11e-01  k=0.5220  C=6.31e+05  T0=278.61
    Epoch 150/500  loss=14.368731  α=0.2238  σ=0.9990  z₀ₘ=9.11e-01  k=0.5220  C=6.31e+05  T0=278.69
    Epoch 160/500  loss=14.310381  α=0.2238  σ=0.9990  z₀ₘ=9.11e-01  k=0.5220  C=6.31e+05  T0=278.79
    Epoch 170/500  loss=14.258266  α=0.2238  σ=0.9990  z₀ₘ=9.11e-01  k=0.5220  C=6.31e+05  T0=278.91
    Epoch 180/500  loss=14.198076  α=0.2238  σ=0.9990  z₀ₘ=9.11e-01  k=0.5220  C=6.31e+05  T0=279.03
    Epoch 190/500  loss=14.157469  α=0.2239  σ=0.9990  z₀ₘ=9.15e-01  k=0.5230  C=6.27e+05  T0=279.16
    Epoch 200/500  loss=14.097103  α=0.2239  σ=0.9990  z₀ₘ=9.15e-01  k=0.5230  C=6.27e+05  T0=279.30
    Epoch 210/500  loss=14.059777  α=0.2239  σ=0.9990  z₀ₘ=9.15e-01  k=0.5230  C=6.27e+05  T0=279.44
    Epoch 220/500  loss=14.024986  α=0.2239  σ=0.9990  z₀ₘ=9.15e-01  k=0.5230  C=6.27e+05  T0=279.59
    Epoch 230/500  loss=13.991796  α=0.2239  σ=0.9990  z₀ₘ=9.15e-01  k=0.5230  C=6.27e+05  T0=279.74
    Epoch 240/500  loss=13.964122  α=0.2239  σ=0.9990  z₀ₘ=9.15e-01  k=0.5230  C=6.27e+05  T0=279.89
    Epoch 250/500  loss=13.943997  α=0.2239  σ=0.9990  z₀ₘ=9.15e-01  k=0.5230  C=6.27e+05  T0=280.04
    Epoch 260/500  loss=13.923544  α=0.2239  σ=0.9990  z₀ₘ=9.15e-01  k=0.5230  C=6.27e+05  T0=280.20
    Epoch 270/500  loss=13.905807  α=0.2239  σ=0.9990  z₀ₘ=9.15e-01  k=0.5230  C=6.27e+05  T0=280.34
    Epoch 280/500  loss=13.891122  α=0.2239  σ=0.9990  z₀ₘ=9.15e-01  k=0.5230  C=6.27e+05  T0=280.48
    Epoch 290/500  loss=13.880991  α=0.2239  σ=0.9990  z₀ₘ=9.15e-01  k=0.5230  C=6.27e+05  T0=280.62
    Epoch 300/500  loss=13.868958  α=0.2239  σ=0.9990  z₀ₘ=9.15e-01  k=0.5230  C=6.27e+05  T0=280.76
    Epoch 310/500  loss=13.830824  α=0.2243  σ=0.9990  z₀ₘ=9.18e-01  k=0.5184  C=6.18e+05  T0=280.89
    Epoch 320/500  loss=13.826015  α=0.2243  σ=0.9990  z₀ₘ=9.18e-01  k=0.5184  C=6.18e+05  T0=281.01
    Epoch 330/500  loss=13.820807  α=0.2243  σ=0.9990  z₀ₘ=9.18e-01  k=0.5184  C=6.18e+05  T0=281.13
    Epoch 340/500  loss=13.816494  α=0.2243  σ=0.9990  z₀ₘ=9.18e-01  k=0.5184  C=6.18e+05  T0=281.24
    Epoch 350/500  loss=13.813374  α=0.2243  σ=0.9990  z₀ₘ=9.18e-01  k=0.5184  C=6.18e+05  T0=281.34
    Epoch 360/500  loss=13.811234  α=0.2243  σ=0.9990  z₀ₘ=9.18e-01  k=0.5184  C=6.18e+05  T0=281.44
    Epoch 370/500  loss=13.808846  α=0.2243  σ=0.9990  z₀ₘ=9.18e-01  k=0.5184  C=6.18e+05  T0=281.54

  [Early Stop] flat to 3dp (loss≈13.810) for 30 epochs at epoch 372
  [✓] Results saved →  /Users/hsc/Paper📑/Submission/paper-2026-lsm-diff-energy/Experiments/parameters_optimization_expriments/2.RSL/Shenshawo/
      Final loss: 13.808092
      Final α=0.2243  σ=0.9990  z₀ₘ=9.18e-01  k=0.5184  C=6.18e+05
