
============================================================
  Experiment: RHT  |  Site: Huazhaizi
============================================================
  Initial params (from estimate):
    α   = 0.2406,  σ = 0.8712,  z₀ₘ = 3.1433e-02
    k   = 0.9857,     C = 1.50e+06
  Spin-up (20 iterations) ...
  Spin-up done.  T0[:4] = [287.06433 287.70132 289.2577  289.8882 ]
  Optimizing (500 epochs) ...
    Epoch   0/500  loss=75.988403  α=0.2506  σ=0.8812  z₀ₘ=2.14e-02  k=1.0857  C=1.66e+06  T0=286.06
    Epoch  10/500  loss=67.058205  α=0.2524  σ=0.9613  z₀ₘ=2.65e-02  k=0.7122  C=1.46e+06  T0=285.14
    Epoch  20/500  loss=61.743465  α=0.2377  σ=0.9990  z₀ₘ=4.19e-02  k=0.9440  C=2.26e+06  T0=284.19
    Epoch  30/500  loss=60.472492  α=0.2390  σ=0.9990  z₀ₘ=4.78e-02  k=0.6729  C=2.33e+06  T0=283.27
    Epoch  40/500  loss=59.348167  α=0.2383  σ=0.9990  z₀ₘ=5.01e-02  k=0.6385  C=3.20e+06  T0=282.37
    Epoch  50/500  loss=58.314034  α=0.2399  σ=0.9990  z₀ₘ=5.10e-02  k=0.4335  C=4.05e+06  T0=281.50
    Epoch  60/500  loss=58.017128  α=0.2399  σ=0.9990  z₀ₘ=5.14e-02  k=0.3961  C=4.59e+06  T0=280.67
    Epoch  70/500  loss=57.720016  α=0.2401  σ=0.9990  z₀ₘ=5.15e-02  k=0.4493  C=4.04e+06  T0=279.93
    Epoch  80/500  loss=57.624310  α=0.2397  σ=0.9990  z₀ₘ=5.15e-02  k=0.4569  C=4.03e+06  T0=279.30
    Epoch  90/500  loss=57.593063  α=0.2393  σ=0.9990  z₀ₘ=5.16e-02  k=0.4428  C=4.16e+06  T0=278.80
    Epoch 100/500  loss=57.613304  α=0.2391  σ=0.9990  z₀ₘ=5.16e-02  k=0.4526  C=4.04e+06  T0=278.44
    Epoch 110/500  loss=57.663685  α=0.2391  σ=0.9990  z₀ₘ=5.16e-02  k=0.4602  C=3.97e+06  T0=278.23
    Epoch 120/500  loss=57.709148  α=0.2391  σ=0.9990  z₀ₘ=5.16e-02  k=0.4586  C=3.97e+06  T0=278.17
    Epoch 130/500  loss=57.751923  α=0.2390  σ=0.9990  z₀ₘ=5.15e-02  k=0.4608  C=3.93e+06  T0=278.23
    Epoch 140/500  loss=57.770607  α=0.2390  σ=0.9990  z₀ₘ=5.15e-02  k=0.4640  C=3.90e+06  T0=278.41
    Epoch 150/500  loss=57.765160  α=0.2391  σ=0.9990  z₀ₘ=5.15e-02  k=0.4642  C=3.89e+06  T0=278.70
    Epoch 160/500  loss=57.729221  α=0.2391  σ=0.9990  z₀ₘ=5.15e-02  k=0.4644  C=3.89e+06  T0=279.08
    Epoch 170/500  loss=57.670746  α=0.2391  σ=0.9990  z₀ₘ=5.15e-02  k=0.4650  C=3.89e+06  T0=279.53
    Epoch 180/500  loss=57.597172  α=0.2392  σ=0.9990  z₀ₘ=5.15e-02  k=0.4645  C=3.90e+06  T0=280.04
    Epoch 190/500  loss=57.510658  α=0.2392  σ=0.9990  z₀ₘ=5.15e-02  k=0.4640  C=3.93e+06  T0=280.60
    Epoch 200/500  loss=57.419708  α=0.2392  σ=0.9990  z₀ₘ=5.15e-02  k=0.4635  C=3.95e+06  T0=281.20
    Epoch 210/500  loss=57.333405  α=0.2393  σ=0.9990  z₀ₘ=5.15e-02  k=0.4623  C=3.99e+06  T0=281.81
    Epoch 220/500  loss=57.256828  α=0.2393  σ=0.9990  z₀ₘ=5.15e-02  k=0.4613  C=4.02e+06  T0=282.43
    Epoch 230/500  loss=57.191589  α=0.2394  σ=0.9990  z₀ₘ=5.15e-02  k=0.4595  C=4.05e+06  T0=283.03
    Epoch 240/500  loss=57.147266  α=0.2394  σ=0.9990  z₀ₘ=5.15e-02  k=0.4574  C=4.08e+06  T0=283.60
    Epoch 250/500  loss=57.118671  α=0.2395  σ=0.9990  z₀ₘ=5.15e-02  k=0.4556  C=4.11e+06  T0=284.14
    Epoch 260/500  loss=57.108696  α=0.2395  σ=0.9990  z₀ₘ=5.15e-02  k=0.4534  C=4.14e+06  T0=284.61
    Epoch 270/500  loss=57.114384  α=0.2396  σ=0.9990  z₀ₘ=5.15e-02  k=0.4514  C=4.16e+06  T0=285.02
    Epoch 280/500  loss=57.127762  α=0.2396  σ=0.9990  z₀ₘ=5.15e-02  k=0.4499  C=4.18e+06  T0=285.35
    Epoch 290/500  loss=57.146408  α=0.2397  σ=0.9990  z₀ₘ=5.15e-02  k=0.4484  C=4.20e+06  T0=285.59
    Epoch 300/500  loss=57.164520  α=0.2397  σ=0.9990  z₀ₘ=5.15e-02  k=0.4475  C=4.21e+06  T0=285.74
    Epoch 310/500  loss=57.178078  α=0.2397  σ=0.9990  z₀ₘ=5.14e-02  k=0.4467  C=4.22e+06  T0=285.80
    Epoch 320/500  loss=57.184792  α=0.2397  σ=0.9990  z₀ₘ=5.14e-02  k=0.4462  C=4.22e+06  T0=285.79
    Epoch 330/500  loss=57.181549  α=0.2397  σ=0.9990  z₀ₘ=5.14e-02  k=0.4460  C=4.23e+06  T0=285.71
    Epoch 340/500  loss=57.174782  α=0.2397  σ=0.9990  z₀ₘ=5.14e-02  k=0.4462  C=4.23e+06  T0=285.57
    Epoch 350/500  loss=57.161606  α=0.2397  σ=0.9990  z₀ₘ=5.14e-02  k=0.4467  C=4.23e+06  T0=285.39
    Epoch 360/500  loss=57.146378  α=0.2397  σ=0.9990  z₀ₘ=5.14e-02  k=0.4477  C=4.22e+06  T0=285.18
    Epoch 370/500  loss=57.132675  α=0.2397  σ=0.9990  z₀ₘ=5.14e-02  k=0.4481  C=4.21e+06  T0=284.95
    Epoch 380/500  loss=57.121552  α=0.2397  σ=0.9990  z₀ₘ=5.14e-02  k=0.4493  C=4.19e+06  T0=284.72
    Epoch 390/500  loss=57.112076  α=0.2396  σ=0.9990  z₀ₘ=5.14e-02  k=0.4500  C=4.18e+06  T0=284.50
    Epoch 400/500  loss=57.107914  α=0.2396  σ=0.9990  z₀ₘ=5.14e-02  k=0.4512  C=4.17e+06  T0=284.30
    Epoch 410/500  loss=57.106415  α=0.2396  σ=0.9990  z₀ₘ=5.14e-02  k=0.4522  C=4.16e+06  T0=284.13

  [Early Stop] flat to 3dp (loss≈57.110) for 30 epochs at epoch 412
  [✓] Results saved →  /Users/hsc/Paper📑/Submission/paper-2026-lsm-diff-energy/Experiments/parameters_optimization_expriments/4.RHT/Huazhaizi/
      Final loss: 57.106876
      Final α=0.2396  σ=0.9990  z₀ₘ=5.14e-02  k=0.4519  C=4.15e+06
