
============================================================
  Experiment: RHT  |  Site: Ejin
============================================================
  Initial params (from estimate):
    α   = 0.2640,  σ = 0.9032,  z₀ₘ = 2.2517e-03
    k   = 2.4728,     C = 2.18e+06
  Spin-up (20 iterations) ...
  Spin-up done.  T0[:4] = [287.31274 287.88788 289.38284 290.2757 ]
  Optimizing (500 epochs) ...
    Epoch   0/500  loss=86.651299  α=0.2540  σ=0.8932  z₀ₘ=1.23e-02  k=2.3728  C=1.97e+06  T0=286.31
    Epoch  10/500  loss=55.346535  α=0.2703  σ=0.9668  z₀ₘ=4.17e-02  k=1.4009  C=9.84e+05  T0=285.35
    Epoch  20/500  loss=50.324226  α=0.2620  σ=1.0273  z₀ₘ=4.06e-02  k=0.6863  C=1.26e+06  T0=284.47
    Epoch  30/500  loss=48.111572  α=0.2640  σ=1.0128  z₀ₘ=2.55e-02  k=0.7777  C=1.66e+06  T0=283.63
    Epoch  40/500  loss=43.971928  α=0.2579  σ=0.9525  z₀ₘ=1.17e-02  k=0.5996  C=1.71e+06  T0=282.83
    Epoch  50/500  loss=48.316269  α=0.2681  σ=0.9694  z₀ₘ=3.52e-02  k=0.7322  C=1.83e+06  T0=282.14
    Epoch  60/500  loss=47.828445  α=0.2602  σ=1.0112  z₀ₘ=4.01e-02  k=0.7780  C=1.84e+06  T0=281.58
    Epoch  70/500  loss=47.533150  α=0.2614  σ=1.0000  z₀ₘ=3.91e-02  k=0.6724  C=1.73e+06  T0=281.12
    Epoch  80/500  loss=47.074867  α=0.2581  σ=0.9864  z₀ₘ=3.50e-02  k=0.7654  C=1.78e+06  T0=280.80
    Epoch  90/500  loss=46.577770  α=0.2612  σ=0.9864  z₀ₘ=2.89e-02  k=0.7121  C=1.72e+06  T0=280.60
    Epoch 100/500  loss=45.665138  α=0.2598  σ=0.9890  z₀ₘ=1.94e-02  k=0.7154  C=1.72e+06  T0=280.53
    Epoch 110/500  loss=41.639076  α=0.2591  σ=0.9656  z₀ₘ=1.51e-03  k=0.6136  C=1.64e+06  T0=280.55
    Epoch 120/500  loss=51.171513  α=0.2678  σ=0.8990  z₀ₘ=4.05e-02  k=0.7033  C=1.65e+06  T0=280.68
    Epoch 130/500  loss=48.939842  α=0.2491  σ=0.9748  z₀ₘ=7.85e-02  k=0.9455  C=1.66e+06  T0=280.92
    Epoch 140/500  loss=48.275711  α=0.2596  σ=1.0110  z₀ₘ=9.21e-02  k=0.7435  C=1.34e+06  T0=281.19
    Epoch 150/500  loss=47.671654  α=0.2557  σ=0.9939  z₀ₘ=9.68e-02  k=0.9132  C=1.46e+06  T0=281.52
    Epoch 160/500  loss=47.543419  α=0.2597  σ=0.9739  z₀ₘ=9.84e-02  k=0.8534  C=1.43e+06  T0=281.90
    Epoch 170/500  loss=47.415573  α=0.2578  σ=0.9839  z₀ₘ=9.89e-02  k=0.8656  C=1.49e+06  T0=282.32
    Epoch 180/500  loss=47.354420  α=0.2584  σ=0.9881  z₀ₘ=9.89e-02  k=0.8259  C=1.49e+06  T0=282.77
    Epoch 190/500  loss=47.286755  α=0.2576  σ=0.9852  z₀ₘ=9.88e-02  k=0.8333  C=1.52e+06  T0=283.21
    Epoch 200/500  loss=47.239708  α=0.2576  σ=0.9833  z₀ₘ=9.86e-02  k=0.8285  C=1.51e+06  T0=283.63
    Epoch 210/500  loss=47.203300  α=0.2574  σ=0.9849  z₀ₘ=9.84e-02  k=0.8327  C=1.51e+06  T0=284.01
    Epoch 220/500  loss=47.178368  α=0.2574  σ=0.9852  z₀ₘ=9.81e-02  k=0.8357  C=1.49e+06  T0=284.33
    Epoch 230/500  loss=47.160252  α=0.2573  σ=0.9847  z₀ₘ=9.78e-02  k=0.8449  C=1.47e+06  T0=284.56
    Epoch 240/500  loss=47.148880  α=0.2573  σ=0.9846  z₀ₘ=9.76e-02  k=0.8510  C=1.46e+06  T0=284.70
    Epoch 250/500  loss=47.141350  α=0.2572  σ=0.9850  z₀ₘ=9.73e-02  k=0.8577  C=1.44e+06  T0=284.74
    Epoch 260/500  loss=47.135139  α=0.2572  σ=0.9850  z₀ₘ=9.70e-02  k=0.8633  C=1.43e+06  T0=284.69
    Epoch 270/500  loss=47.123985  α=0.2571  σ=0.9849  z₀ₘ=9.67e-02  k=0.8678  C=1.42e+06  T0=284.55
    Epoch 280/500  loss=47.114368  α=0.2571  σ=0.9850  z₀ₘ=9.64e-02  k=0.8706  C=1.41e+06  T0=284.34
    Epoch 290/500  loss=47.102821  α=0.2571  σ=0.9851  z₀ₘ=9.61e-02  k=0.8729  C=1.40e+06  T0=284.07
    Epoch 300/500  loss=47.088467  α=0.2570  σ=0.9851  z₀ₘ=9.57e-02  k=0.8745  C=1.40e+06  T0=283.75
    Epoch 310/500  loss=47.073292  α=0.2570  σ=0.9852  z₀ₘ=9.54e-02  k=0.8760  C=1.40e+06  T0=283.41
    Epoch 320/500  loss=47.057522  α=0.2570  σ=0.9852  z₀ₘ=9.50e-02  k=0.8771  C=1.40e+06  T0=283.05
    Epoch 330/500  loss=47.042027  α=0.2570  σ=0.9852  z₀ₘ=9.47e-02  k=0.8782  C=1.39e+06  T0=282.70
    Epoch 340/500  loss=47.027874  α=0.2570  σ=0.9853  z₀ₘ=9.43e-02  k=0.8790  C=1.39e+06  T0=282.36
    Epoch 350/500  loss=47.014801  α=0.2569  σ=0.9853  z₀ₘ=9.39e-02  k=0.8798  C=1.39e+06  T0=282.04
    Epoch 360/500  loss=47.002895  α=0.2569  σ=0.9854  z₀ₘ=9.35e-02  k=0.8807  C=1.39e+06  T0=281.75
    Epoch 370/500  loss=46.992786  α=0.2569  σ=0.9854  z₀ₘ=9.31e-02  k=0.8817  C=1.39e+06  T0=281.48
    Epoch 380/500  loss=46.984070  α=0.2569  σ=0.9854  z₀ₘ=9.26e-02  k=0.8827  C=1.39e+06  T0=281.24
    Epoch 390/500  loss=46.976250  α=0.2569  σ=0.9854  z₀ₘ=9.22e-02  k=0.8840  C=1.39e+06  T0=281.02
    Epoch 400/500  loss=46.970299  α=0.2569  σ=0.9855  z₀ₘ=9.17e-02  k=0.8851  C=1.38e+06  T0=280.82
    Epoch 410/500  loss=46.964119  α=0.2569  σ=0.9855  z₀ₘ=9.12e-02  k=0.8863  C=1.38e+06  T0=280.63
    Epoch 420/500  loss=46.958511  α=0.2569  σ=0.9855  z₀ₘ=9.07e-02  k=0.8877  C=1.38e+06  T0=280.45
    Epoch 430/500  loss=46.952477  α=0.2569  σ=0.9856  z₀ₘ=9.02e-02  k=0.8893  C=1.38e+06  T0=280.26
    Epoch 440/500  loss=46.946163  α=0.2569  σ=0.9856  z₀ₘ=8.97e-02  k=0.8909  C=1.38e+06  T0=280.07
    Epoch 450/500  loss=46.939224  α=0.2569  σ=0.9857  z₀ₘ=8.91e-02  k=0.8925  C=1.38e+06  T0=279.86
    Epoch 460/500  loss=46.931702  α=0.2569  σ=0.9857  z₀ₘ=8.86e-02  k=0.8943  C=1.37e+06  T0=279.62
    Epoch 470/500  loss=46.923412  α=0.2570  σ=0.9858  z₀ₘ=8.80e-02  k=0.8961  C=1.37e+06  T0=279.34
    Epoch 480/500  loss=46.915359  α=0.2570  σ=0.9858  z₀ₘ=8.74e-02  k=0.8980  C=1.37e+06  T0=279.12
    Epoch 490/500  loss=46.907951  α=0.2570  σ=0.9858  z₀ₘ=8.68e-02  k=0.8997  C=1.37e+06  T0=278.96
    Epoch 499/500  loss=46.899529  α=0.2570  σ=0.9859  z₀ₘ=8.63e-02  k=0.9010  C=1.37e+06  T0=278.96
  [✓] Results saved →  /Users/hsc/Paper📑/Submission/paper-2026-lsm-diff-energy/Experiments/discussion/sigma up limit 1.5 Exp-ALL/4.RHT/Ejin/
      Final loss: 46.899529
      Final α=0.2570  σ=0.9859  z₀ₘ=8.63e-02  k=0.9010  C=1.37e+06
