
============================================================
  Experiment: RHS  |  Site: Ejin
============================================================
  Initial params (from estimate):
    α   = 0.2640,  σ = 0.9032,  z₀ₘ = 2.2517e-03
    k   = 2.4728,     C = 2.18e+06
  Spin-up (20 iterations) ...
  Spin-up done.  T0[:4] = [287.31274 287.88788 289.38284 290.2757 ]
  Optimizing (500 epochs) ...
    Epoch   0/500  loss=84.476036  α=0.2540  σ=0.8932  z₀ₘ=1.23e-02  k=2.3728  C=1.97e+06  T0=286.31
    Epoch  10/500  loss=52.142666  α=0.2708  σ=0.9700  z₀ₘ=4.38e-02  k=1.3993  C=9.78e+05  T0=285.35
    Epoch  20/500  loss=46.834991  α=0.2631  σ=0.9990  z₀ₘ=4.59e-02  k=0.6811  C=1.24e+06  T0=284.46
    Epoch  30/500  loss=44.739403  α=0.2656  σ=0.9990  z₀ₘ=3.60e-02  k=0.7755  C=1.66e+06  T0=283.63
    Epoch  40/500  loss=42.934326  α=0.2625  σ=0.9990  z₀ₘ=1.67e-02  k=0.7092  C=1.85e+06  T0=282.83
    Epoch  50/500  loss=41.429474  α=0.2622  σ=0.9415  z₀ₘ=1.23e-02  k=0.4029  C=1.81e+06  T0=282.07
    Epoch  60/500  loss=43.959190  α=0.2562  σ=0.9683  z₀ₘ=3.84e-02  k=0.7832  C=2.12e+06  T0=281.45
    Epoch  70/500  loss=43.069702  α=0.2675  σ=0.9990  z₀ₘ=4.55e-02  k=0.6062  C=2.01e+06  T0=280.97
    Epoch  80/500  loss=42.638908  α=0.2599  σ=0.9990  z₀ₘ=4.58e-02  k=0.6232  C=2.16e+06  T0=280.67
    Epoch  90/500  loss=42.281250  α=0.2597  σ=0.9967  z₀ₘ=4.35e-02  k=0.5600  C=2.27e+06  T0=280.55
    Epoch 100/500  loss=41.871567  α=0.2588  σ=0.9944  z₀ₘ=3.97e-02  k=0.5517  C=2.40e+06  T0=280.61
    Epoch 110/500  loss=41.426231  α=0.2601  σ=0.9921  z₀ₘ=3.46e-02  k=0.5227  C=2.44e+06  T0=280.82
    Epoch 120/500  loss=40.813324  α=0.2590  σ=0.9920  z₀ₘ=2.78e-02  k=0.5254  C=2.43e+06  T0=281.14
    Epoch 130/500  loss=39.665169  α=0.2598  σ=0.9882  z₀ₘ=1.78e-02  k=0.5001  C=2.37e+06  T0=281.53
    Epoch 140/500  loss=36.839382  α=0.2572  σ=0.9591  z₀ₘ=2.47e-03  k=0.4057  C=2.21e+06  T0=281.94
    Epoch 150/500  loss=42.144028  α=0.2550  σ=0.8936  z₀ₘ=1.08e-02  k=0.4742  C=2.04e+06  T0=282.37
    Epoch 160/500  loss=42.618713  α=0.2492  σ=0.9725  z₀ₘ=7.06e-02  k=0.6820  C=2.25e+06  T0=282.88
    Epoch 170/500  loss=42.360611  α=0.2656  σ=0.9990  z₀ₘ=9.17e-02  k=0.4897  C=2.27e+06  T0=283.42
    Epoch 180/500  loss=41.850010  α=0.2566  σ=0.9972  z₀ₘ=9.89e-02  k=0.5431  C=2.57e+06  T0=284.00
    Epoch 190/500  loss=41.596169  α=0.2587  σ=0.9871  z₀ₘ=1.01e-01  k=0.5105  C=2.58e+06  T0=284.57
    Epoch 200/500  loss=41.485199  α=0.2585  σ=0.9864  z₀ₘ=1.02e-01  k=0.5075  C=2.53e+06  T0=285.10
    Epoch 210/500  loss=41.417892  α=0.2569  σ=0.9909  z₀ₘ=1.02e-01  k=0.5151  C=2.51e+06  T0=285.55
    Epoch 220/500  loss=41.375916  α=0.2577  σ=0.9908  z₀ₘ=1.01e-01  k=0.5028  C=2.49e+06  T0=285.90
    Epoch 230/500  loss=41.326805  α=0.2570  σ=0.9897  z₀ₘ=1.01e-01  k=0.5056  C=2.49e+06  T0=286.11
    Epoch 240/500  loss=41.295410  α=0.2566  σ=0.9897  z₀ₘ=1.00e-01  k=0.5053  C=2.50e+06  T0=286.18
    Epoch 250/500  loss=41.264580  α=0.2567  σ=0.9897  z₀ₘ=9.99e-02  k=0.5018  C=2.50e+06  T0=286.11
    Epoch 260/500  loss=41.235329  α=0.2565  σ=0.9897  z₀ₘ=9.94e-02  k=0.5014  C=2.50e+06  T0=285.91
    Epoch 270/500  loss=41.204670  α=0.2563  σ=0.9899  z₀ₘ=9.88e-02  k=0.5012  C=2.49e+06  T0=285.61
    Epoch 280/500  loss=41.171505  α=0.2563  σ=0.9902  z₀ₘ=9.83e-02  k=0.4999  C=2.49e+06  T0=285.22
    Epoch 290/500  loss=41.138760  α=0.2562  σ=0.9905  z₀ₘ=9.77e-02  k=0.4990  C=2.48e+06  T0=284.75
    Epoch 300/500  loss=41.106133  α=0.2562  σ=0.9908  z₀ₘ=9.70e-02  k=0.4985  C=2.48e+06  T0=284.24
    Epoch 310/500  loss=41.076359  α=0.2561  σ=0.9912  z₀ₘ=9.64e-02  k=0.4979  C=2.47e+06  T0=283.70
    Epoch 320/500  loss=41.050934  α=0.2561  σ=0.9918  z₀ₘ=9.57e-02  k=0.4976  C=2.46e+06  T0=283.15
    Epoch 330/500  loss=41.025490  α=0.2561  σ=0.9922  z₀ₘ=9.49e-02  k=0.4973  C=2.46e+06  T0=282.61
    Epoch 340/500  loss=40.998009  α=0.2561  σ=0.9927  z₀ₘ=9.41e-02  k=0.4970  C=2.45e+06  T0=282.07
    Epoch 350/500  loss=40.979225  α=0.2561  σ=0.9930  z₀ₘ=9.32e-02  k=0.4966  C=2.44e+06  T0=281.56
    Epoch 360/500  loss=40.959236  α=0.2561  σ=0.9934  z₀ₘ=9.23e-02  k=0.4964  C=2.43e+06  T0=281.07
    Epoch 370/500  loss=40.940823  α=0.2561  σ=0.9939  z₀ₘ=9.14e-02  k=0.4964  C=2.43e+06  T0=280.58
    Epoch 380/500  loss=40.920441  α=0.2560  σ=0.9942  z₀ₘ=9.03e-02  k=0.4963  C=2.42e+06  T0=280.08
    Epoch 390/500  loss=40.902855  α=0.2560  σ=0.9947  z₀ₘ=8.92e-02  k=0.4960  C=2.41e+06  T0=279.54
    Epoch 400/500  loss=40.890854  α=0.2560  σ=0.9949  z₀ₘ=8.81e-02  k=0.4969  C=2.40e+06  T0=279.08
    Epoch 410/500  loss=40.879906  α=0.2560  σ=0.9953  z₀ₘ=8.69e-02  k=0.4978  C=2.39e+06  T0=278.73
    Epoch 420/500  loss=40.870956  α=0.2560  σ=0.9957  z₀ₘ=8.57e-02  k=0.4979  C=2.39e+06  T0=278.49
    Epoch 430/500  loss=40.860535  α=0.2560  σ=0.9960  z₀ₘ=8.44e-02  k=0.4981  C=2.38e+06  T0=278.38
    Epoch 440/500  loss=40.852234  α=0.2560  σ=0.9960  z₀ₘ=8.42e-02  k=0.4982  C=2.38e+06  T0=278.38
    Epoch 450/500  loss=40.852234  α=0.2560  σ=0.9960  z₀ₘ=8.42e-02  k=0.4982  C=2.38e+06  T0=278.38
    Epoch 460/500  loss=40.852234  α=0.2560  σ=0.9960  z₀ₘ=8.42e-02  k=0.4982  C=2.38e+06  T0=278.38

  [Early Stop] flat to 3dp (loss≈40.850) for 30 epochs at epoch 463
  [✓] Results saved →  /Users/hsc/Paper📑/Submission/paper-2026-lsm-diff-energy/Experiments/parameters_optimization_expriments/3.RHS/Ejin/
      Final loss: 40.852234
      Final α=0.2560  σ=0.9960  z₀ₘ=8.42e-02  k=0.4982  C=2.38e+06
