
============================================================
  Experiment: RSL  |  Site: Shenshawo
============================================================
  Initial params (from estimate):
    α   = 0.2339,  σ = 0.8537,  z₀ₘ = 7.1765e-02
    k   = 0.4319,     C = 3.21e+06
  Spin-up (20 iterations) ...
  Spin-up done.  T0[:4] = [279.94907 281.59296 284.33185 283.5322 ]
  Optimizing (500 epochs) ...
    Epoch   0/500  loss=33.746872  α=0.2239  σ=0.8637  z₀ₘ=8.18e-02  k=0.3319  C=2.91e+06  T0=280.95
    Epoch  10/500  loss=22.848713  α=0.2231  σ=0.9637  z₀ₘ=1.65e-01  k=0.3593  C=1.45e+06  T0=280.28
    Epoch  20/500  loss=16.106289  α=0.2253  σ=1.0586  z₀ₘ=2.33e-01  k=0.5086  C=1.18e+06  T0=279.76
    Epoch  30/500  loss=14.045935  α=0.2274  σ=1.1282  z₀ₘ=2.97e-01  k=0.5183  C=9.29e+05  T0=279.34
    Epoch  40/500  loss=14.404583  α=0.2273  σ=1.1434  z₀ₘ=3.27e-01  k=0.5632  C=9.58e+05  T0=278.97
    Epoch  50/500  loss=14.034161  α=0.2264  σ=1.1213  z₀ₘ=3.37e-01  k=0.5027  C=9.29e+05  T0=278.74
    Epoch  60/500  loss=13.964016  α=0.2254  σ=1.1006  z₀ₘ=3.48e-01  k=0.5104  C=1.02e+06  T0=278.61
    Epoch  70/500  loss=13.927653  α=0.2249  σ=1.0970  z₀ₘ=3.75e-01  k=0.4600  C=1.03e+06  T0=278.58
    Epoch  80/500  loss=13.853776  α=0.2251  σ=1.0984  z₀ₘ=4.14e-01  k=0.4273  C=1.09e+06  T0=278.55
    Epoch  90/500  loss=13.767769  α=0.2253  σ=1.0964  z₀ₘ=4.48e-01  k=0.4283  C=1.11e+06  T0=278.51
    Epoch 100/500  loss=13.708521  α=0.2255  σ=1.0920  z₀ₘ=4.79e-01  k=0.4299  C=1.10e+06  T0=278.47
    Epoch 110/500  loss=13.806253  α=0.2248  σ=1.0879  z₀ₘ=5.08e-01  k=0.4474  C=1.12e+06  T0=278.45
    Epoch 120/500  loss=13.678390  α=0.2252  σ=1.0856  z₀ₘ=5.39e-01  k=0.4498  C=1.10e+06  T0=278.47
    Epoch 130/500  loss=13.583746  α=0.2252  σ=1.0849  z₀ₘ=5.60e-01  k=0.4280  C=1.06e+06  T0=278.48
    Epoch 140/500  loss=13.587735  α=0.2253  σ=1.0826  z₀ₘ=6.01e-01  k=0.4420  C=1.08e+06  T0=278.53
    Epoch 150/500  loss=13.496313  α=0.2252  σ=1.0803  z₀ₘ=6.39e-01  k=0.4510  C=1.07e+06  T0=278.61
    Epoch 160/500  loss=13.435156  α=0.2254  σ=1.0790  z₀ₘ=6.71e-01  k=0.4261  C=1.04e+06  T0=278.70
    Epoch 170/500  loss=13.384400  α=0.2253  σ=1.0768  z₀ₘ=6.97e-01  k=0.4200  C=1.05e+06  T0=278.81
    Epoch 180/500  loss=13.357409  α=0.2253  σ=1.0755  z₀ₘ=7.24e-01  k=0.4134  C=1.08e+06  T0=278.93
    Epoch 190/500  loss=13.346717  α=0.2254  σ=1.0758  z₀ₘ=7.41e-01  k=0.3941  C=1.07e+06  T0=279.08
    Epoch 200/500  loss=13.302218  α=0.2253  σ=1.0748  z₀ₘ=7.56e-01  k=0.4140  C=1.06e+06  T0=279.23
    Epoch 210/500  loss=13.318586  α=0.2254  σ=1.0746  z₀ₘ=7.51e-01  k=0.3982  C=1.06e+06  T0=279.39
    Epoch 220/500  loss=13.708257  α=0.2253  σ=1.0755  z₀ₘ=7.48e-01  k=0.4124  C=1.08e+06  T0=279.54
    Epoch 230/500  loss=13.290152  α=0.2252  σ=1.0739  z₀ₘ=7.63e-01  k=0.4231  C=1.09e+06  T0=279.69
    Epoch 240/500  loss=13.215719  α=0.2253  σ=1.0727  z₀ₘ=7.89e-01  k=0.4077  C=1.09e+06  T0=279.85
    Epoch 250/500  loss=13.173365  α=0.2254  σ=1.0717  z₀ₘ=8.18e-01  k=0.3943  C=1.09e+06  T0=280.02
    Epoch 260/500  loss=13.137609  α=0.2253  σ=1.0693  z₀ₘ=8.48e-01  k=0.3948  C=1.09e+06  T0=280.19
    Epoch 270/500  loss=13.123329  α=0.2253  σ=1.0677  z₀ₘ=8.81e-01  k=0.3959  C=1.07e+06  T0=280.36
    Epoch 280/500  loss=13.127556  α=0.2251  σ=1.0663  z₀ₘ=9.09e-01  k=0.4153  C=1.07e+06  T0=280.53
    Epoch 290/500  loss=13.122766  α=0.2251  σ=1.0663  z₀ₘ=9.09e-01  k=0.4153  C=1.07e+06  T0=280.70
    Epoch 300/500  loss=13.119538  α=0.2251  σ=1.0663  z₀ₘ=9.09e-01  k=0.4153  C=1.07e+06  T0=280.87
    Epoch 310/500  loss=13.115616  α=0.2251  σ=1.0663  z₀ₘ=9.09e-01  k=0.4153  C=1.07e+06  T0=281.04
    Epoch 320/500  loss=13.110544  α=0.2251  σ=1.0663  z₀ₘ=9.09e-01  k=0.4153  C=1.07e+06  T0=281.20
    Epoch 330/500  loss=13.106857  α=0.2251  σ=1.0663  z₀ₘ=9.09e-01  k=0.4153  C=1.07e+06  T0=281.35
    Epoch 340/500  loss=13.106962  α=0.2251  σ=1.0663  z₀ₘ=9.09e-01  k=0.4153  C=1.07e+06  T0=281.51
    Epoch 350/500  loss=13.102447  α=0.2251  σ=1.0663  z₀ₘ=9.09e-01  k=0.4153  C=1.07e+06  T0=281.65
    Epoch 360/500  loss=13.095886  α=0.2251  σ=1.0663  z₀ₘ=9.09e-01  k=0.4153  C=1.07e+06  T0=281.79
    Epoch 370/500  loss=13.093771  α=0.2251  σ=1.0663  z₀ₘ=9.09e-01  k=0.4153  C=1.07e+06  T0=281.92
    Epoch 380/500  loss=13.076303  α=0.2252  σ=1.0661  z₀ₘ=9.13e-01  k=0.4074  C=1.05e+06  T0=282.04
    Epoch 390/500  loss=13.219550  α=0.2252  σ=1.0661  z₀ₘ=9.13e-01  k=0.4074  C=1.05e+06  T0=282.15
    Epoch 400/500  loss=13.049017  α=0.2252  σ=1.0661  z₀ₘ=9.13e-01  k=0.4074  C=1.05e+06  T0=282.26
    Epoch 410/500  loss=13.062943  α=0.2252  σ=1.0661  z₀ₘ=9.13e-01  k=0.4074  C=1.05e+06  T0=282.35
    Epoch 420/500  loss=13.064725  α=0.2252  σ=1.0661  z₀ₘ=9.13e-01  k=0.4074  C=1.05e+06  T0=282.44
    Epoch 430/500  loss=13.047483  α=0.2252  σ=1.0661  z₀ₘ=9.13e-01  k=0.4074  C=1.05e+06  T0=282.53
    Epoch 440/500  loss=13.051874  α=0.2252  σ=1.0661  z₀ₘ=9.13e-01  k=0.4074  C=1.05e+06  T0=282.60
    Epoch 450/500  loss=13.056622  α=0.2252  σ=1.0661  z₀ₘ=9.13e-01  k=0.4074  C=1.05e+06  T0=282.67
    Epoch 460/500  loss=13.040906  α=0.2252  σ=1.0661  z₀ₘ=9.13e-01  k=0.4074  C=1.05e+06  T0=282.73
    Epoch 470/500  loss=13.036976  α=0.2252  σ=1.0661  z₀ₘ=9.13e-01  k=0.4074  C=1.05e+06  T0=282.78
    Epoch 480/500  loss=13.024106  α=0.2252  σ=1.0661  z₀ₘ=9.13e-01  k=0.4074  C=1.05e+06  T0=282.83
    Epoch 490/500  loss=13.044481  α=0.2252  σ=1.0661  z₀ₘ=9.13e-01  k=0.4074  C=1.05e+06  T0=282.86
    Epoch 499/500  loss=13.021664  α=0.2252  σ=1.0661  z₀ₘ=9.13e-01  k=0.4074  C=1.05e+06  T0=282.86
  [✓] Results saved →  /Users/hsc/Paper📑/Submission/paper-2026-lsm-diff-energy/Experiments/discussion/sigma up limit 1.5 Exp-ALL/2.RSL/Shenshawo/
      Final loss: 13.021664
      Final α=0.2252  σ=1.0661  z₀ₘ=9.13e-01  k=0.4074  C=1.05e+06
